Archive member included to satisfy reference by file (symbol)

f:/tools/gnu_tools_arm_embedded/5.4/bin/../lib/gcc/arm-none-eabi/5.4.1/../../../../arm-none-eabi/lib/armv7-m\libc.a(lib_a-exit.o)
                              f:/tools/gnu_tools_arm_embedded/5.4/bin/../lib/gcc/arm-none-eabi/5.4.1/../../../../arm-none-eabi/lib/armv7-m/crt0.o (exit)
f:/tools/gnu_tools_arm_embedded/5.4/bin/../lib/gcc/arm-none-eabi/5.4.1/../../../../arm-none-eabi/lib/armv7-m\libc.a(lib_a-impure.o)
                              f:/tools/gnu_tools_arm_embedded/5.4/bin/../lib/gcc/arm-none-eabi/5.4.1/../../../../arm-none-eabi/lib/armv7-m\libc.a(lib_a-exit.o) (_global_impure_ptr)
f:/tools/gnu_tools_arm_embedded/5.4/bin/../lib/gcc/arm-none-eabi/5.4.1/../../../../arm-none-eabi/lib/armv7-m\libc.a(lib_a-init.o)
                              f:/tools/gnu_tools_arm_embedded/5.4/bin/../lib/gcc/arm-none-eabi/5.4.1/../../../../arm-none-eabi/lib/armv7-m/crt0.o (__libc_init_array)
f:/tools/gnu_tools_arm_embedded/5.4/bin/../lib/gcc/arm-none-eabi/5.4.1/../../../../arm-none-eabi/lib/armv7-m\libc.a(lib_a-memset.o)
                              f:/tools/gnu_tools_arm_embedded/5.4/bin/../lib/gcc/arm-none-eabi/5.4.1/../../../../arm-none-eabi/lib/armv7-m/crt0.o (memset)
f:/tools/gnu_tools_arm_embedded/5.4/bin/../lib/gcc/arm-none-eabi/5.4.1/../../../../arm-none-eabi/lib/armv7-m\libc.a(lib_a-__call_atexit.o)
                              f:/tools/gnu_tools_arm_embedded/5.4/bin/../lib/gcc/arm-none-eabi/5.4.1/../../../../arm-none-eabi/lib/armv7-m\libc.a(lib_a-exit.o) (__call_exitprocs)
f:/tools/gnu_tools_arm_embedded/5.4/bin/../lib/gcc/arm-none-eabi/5.4.1/../../../../arm-none-eabi/lib/armv7-m\libc.a(lib_a-atexit.o)
                              f:/tools/gnu_tools_arm_embedded/5.4/bin/../lib/gcc/arm-none-eabi/5.4.1/../../../../arm-none-eabi/lib/armv7-m\libc.a(lib_a-__call_atexit.o) (atexit)
f:/tools/gnu_tools_arm_embedded/5.4/bin/../lib/gcc/arm-none-eabi/5.4.1/../../../../arm-none-eabi/lib/armv7-m\libc.a(lib_a-fini.o)
                              f:/tools/gnu_tools_arm_embedded/5.4/bin/../lib/gcc/arm-none-eabi/5.4.1/../../../../arm-none-eabi/lib/armv7-m\libc.a(lib_a-__call_atexit.o) (__libc_fini_array)
f:/tools/gnu_tools_arm_embedded/5.4/bin/../lib/gcc/arm-none-eabi/5.4.1/../../../../arm-none-eabi/lib/armv7-m\libc.a(lib_a-__atexit.o)
                              f:/tools/gnu_tools_arm_embedded/5.4/bin/../lib/gcc/arm-none-eabi/5.4.1/../../../../arm-none-eabi/lib/armv7-m\libc.a(lib_a-atexit.o) (__register_exitproc)

Allocating common symbols
Common symbol       size              file

hUsbDeviceFS        0x224             ../../STM32/usb_device.o
cc_on               0x1               ../../clib/cc1100.o
huart3              0x40              ../../STM32/hal_usart.o
clock_hsec          0x1               ../../clib/clock.o
output_flush_func   0x4               main.o
pFlash              0x20              ../../STM32/Drivers/STM32F1xx_HAL_Driver/Src/stm32f1xx_hal_flash.o
UserRxBufferFS      0x80              ../../STM32/usbd_cdc_if.o
huart1              0x40              ../../STM32/hal_usart.o
UserTxBufferFS      0x80              ../../STM32/usbd_cdc_if.o
TTY_Tx_Buffer       0x83              ../../clib/ttydata.o
input_handle_func   0x4               main.o
ticks               0x4               ../../clib/clock.o
hspi1               0x58              ../../STM32/hal_spi.o
huart2              0x40              ../../STM32/hal_usart.o
ee_ram              0x100             ../../STM32/avr/eeprom.o
hpcd_USB_FS         0x420             ../../STM32/usbd_conf.o
USBD_StrDesc        0x200             ../../STM32/usbd_desc.o
TTY_Rx_Buffer       0x83              ../../clib/ttydata.o

Discarded input sections

 .text          0x00000000        0x0 f:/tools/gnu_tools_arm_embedded/5.4/bin/../lib/gcc/arm-none-eabi/5.4.1/armv7-m/crti.o
 .data          0x00000000        0x0 f:/tools/gnu_tools_arm_embedded/5.4/bin/../lib/gcc/arm-none-eabi/5.4.1/armv7-m/crti.o
 .bss           0x00000000        0x0 f:/tools/gnu_tools_arm_embedded/5.4/bin/../lib/gcc/arm-none-eabi/5.4.1/armv7-m/crti.o
 .data          0x00000000        0x4 f:/tools/gnu_tools_arm_embedded/5.4/bin/../lib/gcc/arm-none-eabi/5.4.1/armv7-m/crtbegin.o
 .text          0x00000000       0x74 f:/tools/gnu_tools_arm_embedded/5.4/bin/../lib/gcc/arm-none-eabi/5.4.1/../../../../arm-none-eabi/lib/armv7-m/crt0.o
 .data          0x00000000        0x0 f:/tools/gnu_tools_arm_embedded/5.4/bin/../lib/gcc/arm-none-eabi/5.4.1/../../../../arm-none-eabi/lib/armv7-m/crt0.o
 .bss           0x00000000        0x0 f:/tools/gnu_tools_arm_embedded/5.4/bin/../lib/gcc/arm-none-eabi/5.4.1/../../../../arm-none-eabi/lib/armv7-m/crt0.o
 .ARM.extab     0x00000000        0x0 f:/tools/gnu_tools_arm_embedded/5.4/bin/../lib/gcc/arm-none-eabi/5.4.1/../../../../arm-none-eabi/lib/armv7-m/crt0.o
[...]
Memory Configuration

Name             Origin             Length             Attributes
RAM              0x20000000         0x00005000         xrw
FLASH            0x08000000         0x00020000         xr
*default*        0x00000000         0xffffffff

Linker script and memory map

LOAD f:/tools/gnu_tools_arm_embedded/5.4/bin/../lib/gcc/arm-none-eabi/5.4.1/armv7-m/crti.o
LOAD f:/tools/gnu_tools_arm_embedded/5.4/bin/../lib/gcc/arm-none-eabi/5.4.1/armv7-m/crtbegin.o
LOAD f:/tools/gnu_tools_arm_embedded/5.4/bin/../lib/gcc/arm-none-eabi/5.4.1/../../../../arm-none-eabi/lib/armv7-m/crt0.o
LOAD gpio.o
LOAD main.o
LOAD stm32f1xx_hal_msp.o
LOAD stm32f1xx_it.o
LOAD ../../clib/ringbuffer.o
LOAD ../../clib/cdc.o
LOAD ../../clib/clock.o
LOAD ../../clib/ttydata.o
LOAD ../../clib/display.o
LOAD ../../clib/fncollection.o
LOAD ../../clib/cc1100.o
LOAD ../../clib/stringfunc.o
LOAD ../../clib/fband.o
LOAD ../../STM32/hal_usart.o
LOAD ../../STM32/hal_spi.o
LOAD ../../STM32/usb_device.o
LOAD ../../STM32/usbd_cdc_if.o
LOAD ../../STM32/usbd_conf.o
LOAD ../../STM32/usbd_desc.o
LOAD ../../STM32/avr/interrupt.o
LOAD ../../STM32/avr/eeprom.o
LOAD ../../STM32/Drivers/STM32F1xx_HAL_Driver/Src/stm32f1xx_hal.o
LOAD ../../STM32/Drivers/STM32F1xx_HAL_Driver/Src/stm32f1xx_hal_cortex.o
LOAD ../../STM32/Drivers/STM32F1xx_HAL_Driver/Src/stm32f1xx_hal_dma.o
LOAD ../../STM32/Drivers/STM32F1xx_HAL_Driver/Src/stm32f1xx_hal_flash.o
LOAD ../../STM32/Drivers/STM32F1xx_HAL_Driver/Src/stm32f1xx_hal_flash_ex.o
LOAD ../../STM32/Drivers/STM32F1xx_HAL_Driver/Src/stm32f1xx_hal_gpio.o
LOAD ../../STM32/Drivers/STM32F1xx_HAL_Driver/Src/stm32f1xx_hal_gpio_ex.o
LOAD ../../STM32/Drivers/STM32F1xx_HAL_Driver/Src/stm32f1xx_hal_pcd.o
LOAD ../../STM32/Drivers/STM32F1xx_HAL_Driver/Src/stm32f1xx_hal_pcd_ex.o
LOAD ../../STM32/Drivers/STM32F1xx_HAL_Driver/Src/stm32f1xx_hal_pwr.o
LOAD ../../STM32/Drivers/STM32F1xx_HAL_Driver/Src/stm32f1xx_hal_rcc.o
LOAD ../../STM32/Drivers/STM32F1xx_HAL_Driver/Src/stm32f1xx_hal_rcc_ex.o
LOAD ../../STM32/Drivers/STM32F1xx_HAL_Driver/Src/stm32f1xx_hal_spi.o
LOAD ../../STM32/Drivers/STM32F1xx_HAL_Driver/Src/stm32f1xx_hal_spi_ex.o
LOAD ../../STM32/Drivers/STM32F1xx_HAL_Driver/Src/stm32f1xx_hal_tim.o
LOAD ../../STM32/Drivers/STM32F1xx_HAL_Driver/Src/stm32f1xx_hal_tim_ex.o
LOAD ../../STM32/Drivers/STM32F1xx_HAL_Driver/Src/stm32f1xx_hal_uart.o
LOAD ../../STM32/Drivers/STM32F1xx_HAL_Driver/Src/stm32f1xx_ll_usb.o
LOAD ../../STM32/Drivers/CMSIS/Device/ST/STM32F1xx/Source/Templates/system_stm32f1xx.o
LOAD ../../STM32/Drivers/CMSIS/Device/ST/STM32F1xx/Source/Templates/gcc/startup_stm32f103xb.o
LOAD ../../STM32/Middlewares/ST/STM32_USB_Device_Library/Class/CDC/Src/usbd_cdc.o
LOAD ../../STM32/Middlewares/ST/STM32_USB_Device_Library/Core/Src/usbd_core.o
LOAD ../../STM32/Middlewares/ST/STM32_USB_Device_Library/Core/Src/usbd_ctlreq.o
LOAD ../../STM32/Middlewares/ST/STM32_USB_Device_Library/Core/Src/usbd_ioreq.o
LOAD f:/tools/gnu_tools_arm_embedded/5.4/bin/../lib/gcc/arm-none-eabi/5.4.1/../../../../arm-none-eabi/lib/armv7-m\libm.a
START GROUP
LOAD f:/tools/gnu_tools_arm_embedded/5.4/bin/../lib/gcc/arm-none-eabi/5.4.1/armv7-m\libgcc.a
LOAD f:/tools/gnu_tools_arm_embedded/5.4/bin/../lib/gcc/arm-none-eabi/5.4.1/../../../../arm-none-eabi/lib/armv7-m\libc.a
END GROUP
LOAD f:/tools/gnu_tools_arm_embedded/5.4/bin/../lib/gcc/arm-none-eabi/5.4.1/armv7-m/crtend.o
LOAD f:/tools/gnu_tools_arm_embedded/5.4/bin/../lib/gcc/arm-none-eabi/5.4.1/armv7-m/crtn.o
                0x20005000                _estack = 0x20005000
                0x00000200                _Min_Heap_Size = 0x200
                0x00000400                _Min_Stack_Size = 0x400

.isr_vector     0x08000000      0x10c
                0x08000000                . = ALIGN (0x4)
 *(.isr_vector)
 .isr_vector    0x08000000      0x10c ../../STM32/Drivers/CMSIS/Device/ST/STM32F1xx/Source/Templates/gcc/startup_stm32f103xb.o
                0x08000000                g_pfnVectors
                0x0800010c                . = ALIGN (0x4)

.text           0x0800010c     0x68d0
                0x0800010c                . = ALIGN (0x4)
 *(.text)
 .text          0x0800010c       0x5c f:/tools/gnu_tools_arm_embedded/5.4/bin/../lib/gcc/arm-none-eabi/5.4.1/armv7-m/crtbegin.o
 *(.text*)
 .text.MX_GPIO_Init
                0x08000168       0x84 gpio.o
                0x08000168                MX_GPIO_Init
 .text.SystemClock_Config
                0x080001ec       0xb0 main.o
                0x080001ec                SystemClock_Config
 .text.Error_Handler
                0x0800029c        0x8 main.o
                0x0800029c                Error_Handler
 .text.main     0x080002a4       0x60 main.o
                0x080002a4                main
 .text.HAL_MspInit
                0x08000304       0x98 stm32f1xx_hal_msp.o
                0x08000304                HAL_MspInit
 .text.NMI_Handler
                0x0800039c        0xc stm32f1xx_it.o
                0x0800039c                NMI_Handler
 .text.HardFault_Handler
                0x080003a8        0x8 stm32f1xx_it.o
                0x080003a8                HardFault_Handler
 .text.MemManage_Handler
                0x080003b0        0x8 stm32f1xx_it.o
                0x080003b0                MemManage_Handler
 .text.BusFault_Handler
                0x080003b8        0x8 stm32f1xx_it.o
                0x080003b8                BusFault_Handler
 .text.UsageFault_Handler
                0x080003c0        0x8 stm32f1xx_it.o
                0x080003c0                UsageFault_Handler
 .text.SVC_Handler
                0x080003c8        0xc stm32f1xx_it.o
                0x080003c8                SVC_Handler
 .text.DebugMon_Handler
                0x080003d4        0xc stm32f1xx_it.o
                0x080003d4                DebugMon_Handler
 .text.PendSV_Handler
                0x080003e0        0xc stm32f1xx_it.o
                0x080003e0                PendSV_Handler
 .text.SysTick_Handler
                0x080003ec       0x10 stm32f1xx_it.o
                0x080003ec                SysTick_Handler
 .text.USB_LP_CAN1_RX0_IRQHandler
                0x080003fc       0x14 stm32f1xx_it.o
                0x080003fc                USB_LP_CAN1_RX0_IRQHandler
 .text.rb_reset
                0x08000410       0x28 ../../clib/ringbuffer.o
                0x08000410                rb_reset
 .text.rb_put   0x08000438       0x68 ../../clib/ringbuffer.o
                0x08000438                rb_put
 .text.rb_get   0x080004a0       0x68 ../../clib/ringbuffer.o
                0x080004a0                rb_get
 .text.CDC_Task
                0x08000508       0x8c ../../clib/cdc.o
                0x08000508                CDC_Task
 .text.HAL_SYSTICK_Callback
                0x08000594       0x2c ../../clib/clock.o
                0x08000594                HAL_SYSTICK_Callback
 .text.get_timestamp
                0x080005c0       0x20 ../../clib/clock.o
                0x080005c0                get_timestamp
 .text.gettime  0x080005e0       0x54 ../../clib/clock.o
                0x080005e0                gettime
 .text.callfn   0x08000634       0x6c ../../clib/ttydata.o
                0x08000634                callfn
 .text.analyze_ttydata
                0x080006a0       0xc0 ../../clib/ttydata.o
                0x080006a0                analyze_ttydata
 .text.display_char
                0x08000760       0x48 ../../clib/display.o
                0x08000760                display_char
 .text.display_string
                0x080007a8       0x28 ../../clib/display.o
                0x080007a8                display_string
 .text.display_string_P
                0x080007d0       0x2c ../../clib/display.o
                0x080007d0                display_string_P
 .text.display_nl
                0x080007fc       0x14 ../../clib/display.o
                0x080007fc                display_nl
 .text.display_hex
                0x08000810       0xb4 ../../clib/display.o
                0x08000810                display_hex
 .text.display_hex2
                0x080008c4       0x20 ../../clib/display.o
                0x080008c4                display_hex2
 .text.ewb      0x080008e4       0x20 ../../clib/fncollection.o
                0x080008e4                ewb
 .text.ledfunc  0x08000904       0x30 ../../clib/fncollection.o
                0x08000904                ledfunc
 .text.prepare_boot
                0x08000934       0x34 ../../clib/fncollection.o
                0x08000934                prepare_boot
 .text.version  0x08000968       0x4c ../../clib/fncollection.o
                0x08000968                version
 .text.fromhex  0x080009b4       0xd4 ../../clib/stringfunc.o
                0x080009b4                fromhex
 .text.MX_USART1_UART_Init
                0x08000a88       0x54 ../../STM32/hal_usart.o
                0x08000a88                MX_USART1_UART_Init
 .text.MX_USART2_UART_Init
                0x08000adc       0x54 ../../STM32/hal_usart.o
                0x08000adc                MX_USART2_UART_Init
 .text.MX_USART3_UART_Init
                0x08000b30       0x54 ../../STM32/hal_usart.o
                0x08000b30                MX_USART3_UART_Init
 .text.HAL_UART_MspInit
                0x08000b84      0x12c ../../STM32/hal_usart.o
                0x08000b84                HAL_UART_MspInit
 .text.MX_SPI1_Init
                0x08000cb0       0x6c ../../STM32/hal_spi.o
                0x08000cb0                MX_SPI1_Init
 .text.HAL_SPI_MspInit
                0x08000d1c       0x70 ../../STM32/hal_spi.o
                0x08000d1c                HAL_SPI_MspInit
 .text.MX_USB_DEVICE_Init
                0x08000d8c       0x38 ../../STM32/usb_device.o
                0x08000d8c                MX_USB_DEVICE_Init
 .text.CDC_Init_FS
                0x08000dc4       0x28 ../../STM32/usbd_cdc_if.o
 .text.CDC_DeInit_FS
                0x08000dec       0x10 ../../STM32/usbd_cdc_if.o
 .text.CDC_Control_FS
                0x08000dfc       0xbc ../../STM32/usbd_cdc_if.o
 .text.CDC_Receive_FS
                0x08000eb8       0x28 ../../STM32/usbd_cdc_if.o
 .text.CDC_Transmit_FS
                0x08000ee0       0x4c ../../STM32/usbd_cdc_if.o
                0x08000ee0                CDC_Transmit_FS
 .text.CDCDSerialDriver_Write
                0x08000f2c       0x24 ../../STM32/usbd_cdc_if.o
                0x08000f2c                CDCDSerialDriver_Write
 .text.HAL_PCD_MspInit
                0x08000f50       0x4c ../../STM32/usbd_conf.o
                0x08000f50                HAL_PCD_MspInit
 .text.HAL_PCD_SetupStageCallback
                0x08000f9c       0x24 ../../STM32/usbd_conf.o
                0x08000f9c                HAL_PCD_SetupStageCallback
 .text.HAL_PCD_DataOutStageCallback
                0x08000fc0       0x30 ../../STM32/usbd_conf.o
                0x08000fc0                HAL_PCD_DataOutStageCallback
 .text.HAL_PCD_DataInStageCallback
                0x08000ff0       0x30 ../../STM32/usbd_conf.o
                0x08000ff0                HAL_PCD_DataInStageCallback
 .text.HAL_PCD_SOFCallback
                0x08001020       0x1c ../../STM32/usbd_conf.o
                0x08001020                HAL_PCD_SOFCallback
 .text.HAL_PCD_ResetCallback
                0x0800103c       0x44 ../../STM32/usbd_conf.o
                0x0800103c                HAL_PCD_ResetCallback
 .text.HAL_PCD_SuspendCallback
                0x08001080       0x34 ../../STM32/usbd_conf.o
                0x08001080                HAL_PCD_SuspendCallback
 .text.HAL_PCD_ResumeCallback
                0x080010b4       0x1c ../../STM32/usbd_conf.o
                0x080010b4                HAL_PCD_ResumeCallback
 .text.USBD_LL_Init
                0x080010d0       0xb8 ../../STM32/usbd_conf.o
                0x080010d0                USBD_LL_Init
 .text.USBD_LL_Start
                0x08001188       0x20 ../../STM32/usbd_conf.o
                0x08001188                USBD_LL_Start
 .text.USBD_LL_OpenEP
                0x080011a8       0x34 ../../STM32/usbd_conf.o
                0x080011a8                USBD_LL_OpenEP
 .text.USBD_LL_CloseEP
                0x080011dc       0x28 ../../STM32/usbd_conf.o
                0x080011dc                USBD_LL_CloseEP
 .text.USBD_LL_StallEP
                0x08001204       0x28 ../../STM32/usbd_conf.o
                0x08001204                USBD_LL_StallEP
 .text.USBD_LL_ClearStallEP
                0x0800122c       0x28 ../../STM32/usbd_conf.o
                0x0800122c                USBD_LL_ClearStallEP
 .text.USBD_LL_IsStallEP
                0x08001254       0x4c ../../STM32/usbd_conf.o
                0x08001254                USBD_LL_IsStallEP
 .text.USBD_LL_SetUSBAddress
                0x080012a0       0x28 ../../STM32/usbd_conf.o
                0x080012a0                USBD_LL_SetUSBAddress
 .text.USBD_LL_Transmit
                0x080012c8       0x30 ../../STM32/usbd_conf.o
                0x080012c8                USBD_LL_Transmit
 .text.USBD_LL_PrepareReceive
                0x080012f8       0x30 ../../STM32/usbd_conf.o
                0x080012f8                USBD_LL_PrepareReceive
 .text.USBD_LL_GetRxDataSize
                0x08001328       0x28 ../../STM32/usbd_conf.o
                0x08001328                USBD_LL_GetRxDataSize
 .text.USBD_static_malloc
                0x08001350       0x18 ../../STM32/usbd_conf.o
                0x08001350                USBD_static_malloc
 .text.USBD_static_free
                0x08001368       0x14 ../../STM32/usbd_conf.o
                0x08001368                USBD_static_free
 .text.HAL_PCDEx_SetConnectionState
                0x0800137c       0x18 ../../STM32/usbd_conf.o
                0x0800137c                HAL_PCDEx_SetConnectionState
 .text.USBD_FS_DeviceDescriptor
                0x08001394       0x24 ../../STM32/usbd_desc.o
                0x08001394                USBD_FS_DeviceDescriptor
 .text.USBD_FS_LangIDStrDescriptor
                0x080013b8       0x24 ../../STM32/usbd_desc.o
                0x080013b8                USBD_FS_LangIDStrDescriptor
 .text.USBD_FS_ProductStrDescriptor
                0x080013dc       0x3c ../../STM32/usbd_desc.o
                0x080013dc                USBD_FS_ProductStrDescriptor
 .text.USBD_FS_ManufacturerStrDescriptor
                0x08001418       0x28 ../../STM32/usbd_desc.o
                0x08001418                USBD_FS_ManufacturerStrDescriptor
 .text.USBD_FS_SerialStrDescriptor
                0x08001440       0x3c ../../STM32/usbd_desc.o
                0x08001440                USBD_FS_SerialStrDescriptor
 .text.USBD_FS_ConfigStrDescriptor
                0x0800147c       0x3c ../../STM32/usbd_desc.o
                0x0800147c                USBD_FS_ConfigStrDescriptor
 .text.USBD_FS_InterfaceStrDescriptor
                0x080014b8       0x3c ../../STM32/usbd_desc.o
                0x080014b8                USBD_FS_InterfaceStrDescriptor
 .text.disableIRQ
                0x080014f4       0x10 ../../STM32/avr/interrupt.o
                0x080014f4                disableIRQ
 .text.restoreIRQ
                0x08001504       0x14 ../../STM32/avr/interrupt.o
                0x08001504                restoreIRQ
 .text.eeprom_write_byte
                0x08001518       0x3c ../../STM32/avr/eeprom.o
                0x08001518                eeprom_write_byte
 .text.eeprom_read_byte
                0x08001554       0x24 ../../STM32/avr/eeprom.o
                0x08001554                eeprom_read_byte
 .text.HAL_Init
                0x08001578       0x2c ../../STM32/Drivers/STM32F1xx_HAL_Driver/Src/stm32f1xx_hal.o
                0x08001578                HAL_Init
 .text.HAL_InitTick
                0x080015a4       0x38 ../../STM32/Drivers/STM32F1xx_HAL_Driver/Src/stm32f1xx_hal.o
                0x080015a4                HAL_InitTick
 .text.HAL_IncTick
                0x080015dc       0x1c ../../STM32/Drivers/STM32F1xx_HAL_Driver/Src/stm32f1xx_hal.o
                0x080015dc                HAL_IncTick
 .text.HAL_GetTick
                0x080015f8       0x14 ../../STM32/Drivers/STM32F1xx_HAL_Driver/Src/stm32f1xx_hal.o
                0x080015f8                HAL_GetTick
 .text.HAL_Delay
                0x0800160c       0x2c ../../STM32/Drivers/STM32F1xx_HAL_Driver/Src/stm32f1xx_hal.o
                0x0800160c                HAL_Delay
 .text.NVIC_SetPriorityGrouping
                0x08001638       0x48 ../../STM32/Drivers/STM32F1xx_HAL_Driver/Src/stm32f1xx_hal_cortex.o
 .text.NVIC_GetPriorityGrouping
                0x08001680       0x1c ../../STM32/Drivers/STM32F1xx_HAL_Driver/Src/stm32f1xx_hal_cortex.o
 .text.NVIC_EnableIRQ
                0x0800169c       0x30 ../../STM32/Drivers/STM32F1xx_HAL_Driver/Src/stm32f1xx_hal_cortex.o
 .text.NVIC_SetPriority
                0x080016cc       0x54 ../../STM32/Drivers/STM32F1xx_HAL_Driver/Src/stm32f1xx_hal_cortex.o
 .text.NVIC_EncodePriority
                0x08001720       0x60 ../../STM32/Drivers/STM32F1xx_HAL_Driver/Src/stm32f1xx_hal_cortex.o
 .text.SysTick_Config
                0x08001780       0x44 ../../STM32/Drivers/STM32F1xx_HAL_Driver/Src/stm32f1xx_hal_cortex.o
 .text.HAL_NVIC_SetPriorityGrouping
                0x080017c4       0x18 ../../STM32/Drivers/STM32F1xx_HAL_Driver/Src/stm32f1xx_hal_cortex.o
                0x080017c4                HAL_NVIC_SetPriorityGrouping
 .text.HAL_NVIC_SetPriority
                0x080017dc       0x38 ../../STM32/Drivers/STM32F1xx_HAL_Driver/Src/stm32f1xx_hal_cortex.o
                0x080017dc                HAL_NVIC_SetPriority
 .text.HAL_NVIC_EnableIRQ
                0x08001814       0x1c ../../STM32/Drivers/STM32F1xx_HAL_Driver/Src/stm32f1xx_hal_cortex.o
                0x08001814                HAL_NVIC_EnableIRQ
 .text.HAL_SYSTICK_Config
                0x08001830       0x18 ../../STM32/Drivers/STM32F1xx_HAL_Driver/Src/stm32f1xx_hal_cortex.o
                0x08001830                HAL_SYSTICK_Config
 .text.HAL_SYSTICK_CLKSourceConfig
                0x08001848       0x38 ../../STM32/Drivers/STM32F1xx_HAL_Driver/Src/stm32f1xx_hal_cortex.o
                0x08001848                HAL_SYSTICK_CLKSourceConfig
 .text.HAL_SYSTICK_IRQHandler
                0x08001880        0xc ../../STM32/Drivers/STM32F1xx_HAL_Driver/Src/stm32f1xx_hal_cortex.o
                0x08001880                HAL_SYSTICK_IRQHandler
 .text.HAL_GPIO_Init
                0x0800188c      0x2bc ../../STM32/Drivers/STM32F1xx_HAL_Driver/Src/stm32f1xx_hal_gpio.o
                0x0800188c                HAL_GPIO_Init
 .text.HAL_GPIO_WritePin
                0x08001b48       0x30 ../../STM32/Drivers/STM32F1xx_HAL_Driver/Src/stm32f1xx_hal_gpio.o
                0x08001b48                HAL_GPIO_WritePin
 .text.HAL_PCD_Init
                0x08001b78      0x1b4 ../../STM32/Drivers/STM32F1xx_HAL_Driver/Src/stm32f1xx_hal_pcd.o
                0x08001b78                HAL_PCD_Init
 .text.HAL_PCD_Start
                0x08001d2c       0x4c ../../STM32/Drivers/STM32F1xx_HAL_Driver/Src/stm32f1xx_hal_pcd.o
                0x08001d2c                HAL_PCD_Start
 .text.HAL_PCD_IRQHandler
                0x08001d78      0x1f0 ../../STM32/Drivers/STM32F1xx_HAL_Driver/Src/stm32f1xx_hal_pcd.o
                0x08001d78                HAL_PCD_IRQHandler
 .text.HAL_PCD_SetAddress
                0x08001f68       0x4c ../../STM32/Drivers/STM32F1xx_HAL_Driver/Src/stm32f1xx_hal_pcd.o
                0x08001f68                HAL_PCD_SetAddress
 .text.HAL_PCD_EP_Open
                0x08001fb4       0xac ../../STM32/Drivers/STM32F1xx_HAL_Driver/Src/stm32f1xx_hal_pcd.o
                0x08001fb4                HAL_PCD_EP_Open
 .text.HAL_PCD_EP_Close
                0x08002060       0x8c ../../STM32/Drivers/STM32F1xx_HAL_Driver/Src/stm32f1xx_hal_pcd.o
                0x08002060                HAL_PCD_EP_Close
 .text.HAL_PCD_EP_Receive
                0x080020ec       0x98 ../../STM32/Drivers/STM32F1xx_HAL_Driver/Src/stm32f1xx_hal_pcd.o
                0x080020ec                HAL_PCD_EP_Receive
 .text.HAL_PCD_EP_GetRxCount
                0x08002184       0x2c ../../STM32/Drivers/STM32F1xx_HAL_Driver/Src/stm32f1xx_hal_pcd.o
                0x08002184                HAL_PCD_EP_GetRxCount
 .text.HAL_PCD_EP_Transmit
                0x080021b0       0x94 ../../STM32/Drivers/STM32F1xx_HAL_Driver/Src/stm32f1xx_hal_pcd.o
                0x080021b0                HAL_PCD_EP_Transmit
 .text.HAL_PCD_EP_SetStall
                0x08002244       0xac ../../STM32/Drivers/STM32F1xx_HAL_Driver/Src/stm32f1xx_hal_pcd.o
                0x08002244                HAL_PCD_EP_SetStall
 .text.HAL_PCD_EP_ClrStall
                0x080022f0       0x90 ../../STM32/Drivers/STM32F1xx_HAL_Driver/Src/stm32f1xx_hal_pcd.o
                0x080022f0                HAL_PCD_EP_ClrStall
 .text.PCD_EP_ISR_Handler
                0x08002380      0x65c ../../STM32/Drivers/STM32F1xx_HAL_Driver/Src/stm32f1xx_hal_pcd.o
 .text.HAL_PCDEx_PMAConfig
                0x080029dc       0x7c ../../STM32/Drivers/STM32F1xx_HAL_Driver/Src/stm32f1xx_hal_pcd_ex.o
                0x080029dc                HAL_PCDEx_PMAConfig
 .text.HAL_RCC_OscConfig
                0x08002a58      0xe40 ../../STM32/Drivers/STM32F1xx_HAL_Driver/Src/stm32f1xx_hal_rcc.o
                0x08002a58                HAL_RCC_OscConfig
 .text.HAL_RCC_ClockConfig
                0x08003898      0x378 ../../STM32/Drivers/STM32F1xx_HAL_Driver/Src/stm32f1xx_hal_rcc.o
                0x08003898                HAL_RCC_ClockConfig
 .text.HAL_RCC_GetSysClockFreq
                0x08003c10       0xf4 ../../STM32/Drivers/STM32F1xx_HAL_Driver/Src/stm32f1xx_hal_rcc.o
                0x08003c10                HAL_RCC_GetSysClockFreq
 .text.HAL_RCC_GetHCLKFreq
                0x08003d04       0x14 ../../STM32/Drivers/STM32F1xx_HAL_Driver/Src/stm32f1xx_hal_rcc.o
                0x08003d04                HAL_RCC_GetHCLKFreq
 .text.HAL_RCC_GetPCLK1Freq
                0x08003d18       0x44 ../../STM32/Drivers/STM32F1xx_HAL_Driver/Src/stm32f1xx_hal_rcc.o
                0x08003d18                HAL_RCC_GetPCLK1Freq
 .text.HAL_RCC_GetPCLK2Freq
                0x08003d5c       0x44 ../../STM32/Drivers/STM32F1xx_HAL_Driver/Src/stm32f1xx_hal_rcc.o
                0x08003d5c                HAL_RCC_GetPCLK2Freq
 .text.HAL_RCCEx_PeriphCLKConfig
                0x08003da0      0x1ec ../../STM32/Drivers/STM32F1xx_HAL_Driver/Src/stm32f1xx_hal_rcc_ex.o
                0x08003da0                HAL_RCCEx_PeriphCLKConfig
 .text.HAL_SPI_Init
                0x08003f8c       0xcc ../../STM32/Drivers/STM32F1xx_HAL_Driver/Src/stm32f1xx_hal_spi_ex.o
                0x08003f8c                HAL_SPI_Init
 .text.HAL_UART_Init
                0x08004058       0x94 ../../STM32/Drivers/STM32F1xx_HAL_Driver/Src/stm32f1xx_hal_uart.o
                0x08004058                HAL_UART_Init
 .text.UART_SetConfig
                0x080040ec      0x22c ../../STM32/Drivers/STM32F1xx_HAL_Driver/Src/stm32f1xx_hal_uart.o
 .text.USB_CoreInit
                0x08004318       0x20 ../../STM32/Drivers/STM32F1xx_HAL_Driver/Src/stm32f1xx_ll_usb.o
                0x08004318                USB_CoreInit
 .text.USB_EnableGlobalInt
                0x08004338       0x34 ../../STM32/Drivers/STM32F1xx_HAL_Driver/Src/stm32f1xx_ll_usb.o
                0x08004338                USB_EnableGlobalInt
 .text.USB_DisableGlobalInt
                0x0800436c       0x38 ../../STM32/Drivers/STM32F1xx_HAL_Driver/Src/stm32f1xx_ll_usb.o
                0x0800436c                USB_DisableGlobalInt
 .text.USB_SetCurrentMode
                0x080043a4       0x18 ../../STM32/Drivers/STM32F1xx_HAL_Driver/Src/stm32f1xx_ll_usb.o
                0x080043a4                USB_SetCurrentMode
 .text.USB_DevInit
                0x080043bc       0x40 ../../STM32/Drivers/STM32F1xx_HAL_Driver/Src/stm32f1xx_ll_usb.o
                0x080043bc                USB_DevInit
 .text.USB_ActivateEndpoint
                0x080043fc      0x590 ../../STM32/Drivers/STM32F1xx_HAL_Driver/Src/stm32f1xx_ll_usb.o
                0x080043fc                USB_ActivateEndpoint
 .text.USB_DeactivateEndpoint
                0x0800498c      0x310 ../../STM32/Drivers/STM32F1xx_HAL_Driver/Src/stm32f1xx_ll_usb.o
                0x0800498c                USB_DeactivateEndpoint
 .text.USB_EPStartXfer
                0x08004c9c      0x51c ../../STM32/Drivers/STM32F1xx_HAL_Driver/Src/stm32f1xx_ll_usb.o
                0x08004c9c                USB_EPStartXfer
 .text.USB_EPSetStall
                0x080051b8       0xc0 ../../STM32/Drivers/STM32F1xx_HAL_Driver/Src/stm32f1xx_ll_usb.o
                0x080051b8                USB_EPSetStall
 .text.USB_EPClearStall
                0x08005278      0x114 ../../STM32/Drivers/STM32F1xx_HAL_Driver/Src/stm32f1xx_ll_usb.o
                0x08005278                USB_EPClearStall
 .text.USB_SetDevAddress
                0x0800538c       0x28 ../../STM32/Drivers/STM32F1xx_HAL_Driver/Src/stm32f1xx_ll_usb.o
                0x0800538c                USB_SetDevAddress
 .text.USB_DevConnect
                0x080053b4       0x14 ../../STM32/Drivers/STM32F1xx_HAL_Driver/Src/stm32f1xx_ll_usb.o
                0x080053b4                USB_DevConnect
 .text.USB_DevDisconnect
                0x080053c8       0x14 ../../STM32/Drivers/STM32F1xx_HAL_Driver/Src/stm32f1xx_ll_usb.o
                0x080053c8                USB_DevDisconnect
 .text.USB_ReadInterrupts
                0x080053dc       0x24 ../../STM32/Drivers/STM32F1xx_HAL_Driver/Src/stm32f1xx_ll_usb.o
                0x080053dc                USB_ReadInterrupts
 .text.USB_EP0_OutStart
                0x08005400       0x18 ../../STM32/Drivers/STM32F1xx_HAL_Driver/Src/stm32f1xx_ll_usb.o
                0x08005400                USB_EP0_OutStart
 .text.USB_WritePMA
                0x08005418       0x8c ../../STM32/Drivers/STM32F1xx_HAL_Driver/Src/stm32f1xx_ll_usb.o
                0x08005418                USB_WritePMA
 .text.USB_ReadPMA
                0x080054a4       0x6c ../../STM32/Drivers/STM32F1xx_HAL_Driver/Src/stm32f1xx_ll_usb.o
                0x080054a4                USB_ReadPMA
 .text.SystemInit
                0x08005510       0x68 ../../STM32/Drivers/CMSIS/Device/ST/STM32F1xx/Source/Templates/system_stm32f1xx.o
                0x08005510                SystemInit
 .text.Reset_Handler
                0x08005578       0x48 ../../STM32/Drivers/CMSIS/Device/ST/STM32F1xx/Source/Templates/gcc/startup_stm32f103xb.o
                0x08005578                Reset_Handler
 .text.Default_Handler
                0x080055c0        0x2 ../../STM32/Drivers/CMSIS/Device/ST/STM32F1xx/Source/Templates/gcc/startup_stm32f103xb.o
                0x080055c0                RTC_Alarm_IRQHandler
                0x080055c0                EXTI2_IRQHandler
                0x080055c0                TIM1_CC_IRQHandler
                0x080055c0                PVD_IRQHandler
                0x080055c0                EXTI3_IRQHandler
                0x080055c0                EXTI0_IRQHandler
                0x080055c0                I2C2_EV_IRQHandler
                0x080055c0                ADC1_2_IRQHandler
                0x080055c0                SPI1_IRQHandler
                0x080055c0                TAMPER_IRQHandler
                0x080055c0                DMA1_Channel4_IRQHandler
                0x080055c0                USART3_IRQHandler
                0x080055c0                RTC_IRQHandler
                0x080055c0                DMA1_Channel7_IRQHandler
                0x080055c0                CAN1_RX1_IRQHandler
                0x080055c0                TIM4_IRQHandler
                0x080055c0                I2C1_EV_IRQHandler
                0x080055c0                DMA1_Channel6_IRQHandler
                0x080055c0                TIM3_IRQHandler
                0x080055c0                RCC_IRQHandler
                0x080055c0                TIM1_TRG_COM_IRQHandler
                0x080055c0                DMA1_Channel1_IRQHandler
                0x080055c0                Default_Handler
                0x080055c0                EXTI15_10_IRQHandler
                0x080055c0                EXTI9_5_IRQHandler
                0x080055c0                SPI2_IRQHandler
                0x080055c0                DMA1_Channel5_IRQHandler
                0x080055c0                EXTI4_IRQHandler
                0x080055c0                USB_HP_CAN1_TX_IRQHandler
                0x080055c0                DMA1_Channel3_IRQHandler
                0x080055c0                TIM1_UP_IRQHandler
                0x080055c0                WWDG_IRQHandler
                0x080055c0                TIM2_IRQHandler
                0x080055c0                TIM1_BRK_IRQHandler
                0x080055c0                EXTI1_IRQHandler
                0x080055c0                USART2_IRQHandler
                0x080055c0                I2C2_ER_IRQHandler
                0x080055c0                DMA1_Channel2_IRQHandler
                0x080055c0                CAN1_SCE_IRQHandler
                0x080055c0                FLASH_IRQHandler
                0x080055c0                USART1_IRQHandler
                0x080055c0                I2C1_ER_IRQHandler
                0x080055c0                USBWakeUp_IRQHandler
 *fill*         0x080055c2        0x2 
 .text.USBD_CDC_Init
                0x080055c4       0xcc ../../STM32/Middlewares/ST/STM32_USB_Device_Library/Class/CDC/Src/usbd_cdc.o
 .text.USBD_CDC_DeInit
                0x08005690       0x5c ../../STM32/Middlewares/ST/STM32_USB_Device_Library/Class/CDC/Src/usbd_cdc.o
 .text.USBD_CDC_Setup
                0x080056ec       0xbc ../../STM32/Middlewares/ST/STM32_USB_Device_Library/Class/CDC/Src/usbd_cdc.o
 .text.USBD_CDC_DataIn
                0x080057a8       0x38 ../../STM32/Middlewares/ST/STM32_USB_Device_Library/Class/CDC/Src/usbd_cdc.o
 .text.USBD_CDC_DataOut
                0x080057e0       0x54 ../../STM32/Middlewares/ST/STM32_USB_Device_Library/Class/CDC/Src/usbd_cdc.o
 .text.USBD_CDC_EP0_RxReady
                0x08005834       0x50 ../../STM32/Middlewares/ST/STM32_USB_Device_Library/Class/CDC/Src/usbd_cdc.o
 .text.USBD_CDC_GetFSCfgDesc
                0x08005884       0x20 ../../STM32/Middlewares/ST/STM32_USB_Device_Library/Class/CDC/Src/usbd_cdc.o
 .text.USBD_CDC_GetHSCfgDesc
                0x080058a4       0x20 ../../STM32/Middlewares/ST/STM32_USB_Device_Library/Class/CDC/Src/usbd_cdc.o
 .text.USBD_CDC_GetOtherSpeedCfgDesc
                0x080058c4       0x20 ../../STM32/Middlewares/ST/STM32_USB_Device_Library/Class/CDC/Src/usbd_cdc.o
 .text.USBD_CDC_GetDeviceQualifierDescriptor
                0x080058e4       0x20 ../../STM32/Middlewares/ST/STM32_USB_Device_Library/Class/CDC/Src/usbd_cdc.o
                0x080058e4                USBD_CDC_GetDeviceQualifierDescriptor
 .text.USBD_CDC_RegisterInterface
                0x08005904       0x2c ../../STM32/Middlewares/ST/STM32_USB_Device_Library/Class/CDC/Src/usbd_cdc.o
                0x08005904                USBD_CDC_RegisterInterface
 .text.USBD_CDC_SetTxBuffer
                0x08005930       0x34 ../../STM32/Middlewares/ST/STM32_USB_Device_Library/Class/CDC/Src/usbd_cdc.o
                0x08005930                USBD_CDC_SetTxBuffer
 .text.USBD_CDC_SetRxBuffer
                0x08005964       0x28 ../../STM32/Middlewares/ST/STM32_USB_Device_Library/Class/CDC/Src/usbd_cdc.o
                0x08005964                USBD_CDC_SetRxBuffer
 .text.USBD_CDC_TransmitPacket
                0x0800598c       0x54 ../../STM32/Middlewares/ST/STM32_USB_Device_Library/Class/CDC/Src/usbd_cdc.o
                0x0800598c                USBD_CDC_TransmitPacket
 .text.USBD_CDC_ReceivePacket
                0x080059e0       0x54 ../../STM32/Middlewares/ST/STM32_USB_Device_Library/Class/CDC/Src/usbd_cdc.o
                0x080059e0                USBD_CDC_ReceivePacket
 .text.USBD_Init
                0x08005a34       0x58 ../../STM32/Middlewares/ST/STM32_USB_Device_Library/Core/Src/usbd_core.o
                0x08005a34                USBD_Init
 .text.USBD_RegisterClass
                0x08005a8c       0x34 ../../STM32/Middlewares/ST/STM32_USB_Device_Library/Core/Src/usbd_core.o
                0x08005a8c                USBD_RegisterClass
 .text.USBD_Start
                0x08005ac0       0x18 ../../STM32/Middlewares/ST/STM32_USB_Device_Library/Core/Src/usbd_core.o
                0x08005ac0                USBD_Start
 .text.USBD_RunTestMode
                0x08005ad8       0x14 ../../STM32/Middlewares/ST/STM32_USB_Device_Library/Core/Src/usbd_core.o
                0x08005ad8                USBD_RunTestMode
 .text.USBD_SetClassConfig
                0x08005aec       0x40 ../../STM32/Middlewares/ST/STM32_USB_Device_Library/Core/Src/usbd_core.o
                0x08005aec                USBD_SetClassConfig
 .text.USBD_ClrClassConfig
                0x08005b2c       0x28 ../../STM32/Middlewares/ST/STM32_USB_Device_Library/Core/Src/usbd_core.o
                0x08005b2c                USBD_ClrClassConfig
 .text.USBD_LL_SetupStage
                0x08005b54       0x94 ../../STM32/Middlewares/ST/STM32_USB_Device_Library/Core/Src/usbd_core.o
                0x08005b54                USBD_LL_SetupStage
 .text.USBD_LL_DataOutStage
                0x08005be8       0xb8 ../../STM32/Middlewares/ST/STM32_USB_Device_Library/Core/Src/usbd_core.o
                0x08005be8                USBD_LL_DataOutStage
 .text.USBD_LL_DataInStage
                0x08005ca0      0x120 ../../STM32/Middlewares/ST/STM32_USB_Device_Library/Core/Src/usbd_core.o
                0x08005ca0                USBD_LL_DataInStage
 .text.USBD_LL_Reset
                0x08005dc0       0x60 ../../STM32/Middlewares/ST/STM32_USB_Device_Library/Core/Src/usbd_core.o
                0x08005dc0                USBD_LL_Reset
 .text.USBD_LL_SetSpeed
                0x08005e20       0x20 ../../STM32/Middlewares/ST/STM32_USB_Device_Library/Core/Src/usbd_core.o
                0x08005e20                USBD_LL_SetSpeed
 .text.USBD_LL_Suspend
                0x08005e40       0x28 ../../STM32/Middlewares/ST/STM32_USB_Device_Library/Core/Src/usbd_core.o
                0x08005e40                USBD_LL_Suspend
 .text.USBD_LL_Resume
                0x08005e68       0x20 ../../STM32/Middlewares/ST/STM32_USB_Device_Library/Core/Src/usbd_core.o
                0x08005e68                USBD_LL_Resume
 .text.USBD_LL_SOF
                0x08005e88       0x34 ../../STM32/Middlewares/ST/STM32_USB_Device_Library/Core/Src/usbd_core.o
                0x08005e88                USBD_LL_SOF
 .text.USBD_StdDevReq
                0x08005ebc       0xa0 ../../STM32/Middlewares/ST/STM32_USB_Device_Library/Core/Src/usbd_ctlreq.o
                0x08005ebc                USBD_StdDevReq
 .text.USBD_StdItfReq
                0x08005f5c       0x68 ../../STM32/Middlewares/ST/STM32_USB_Device_Library/Core/Src/usbd_ctlreq.o
                0x08005f5c                USBD_StdItfReq
 .text.USBD_StdEPReq
                0x08005fc4      0x1b0 ../../STM32/Middlewares/ST/STM32_USB_Device_Library/Core/Src/usbd_ctlreq.o
                0x08005fc4                USBD_StdEPReq
 .text.USBD_GetDescriptor
                0x08006174      0x1e8 ../../STM32/Middlewares/ST/STM32_USB_Device_Library/Core/Src/usbd_ctlreq.o
 .text.USBD_SetAddress
                0x0800635c       0x7c ../../STM32/Middlewares/ST/STM32_USB_Device_Library/Core/Src/usbd_ctlreq.o
 .text.USBD_SetConfig
                0x080063d8      0x110 ../../STM32/Middlewares/ST/STM32_USB_Device_Library/Core/Src/usbd_ctlreq.o
 .text.USBD_GetConfig
                0x080064e8       0x64 ../../STM32/Middlewares/ST/STM32_USB_Device_Library/Core/Src/usbd_ctlreq.o
 .text.USBD_GetStatus
                0x0800654c       0x54 ../../STM32/Middlewares/ST/STM32_USB_Device_Library/Core/Src/usbd_ctlreq.o
 .text.USBD_SetFeature
                0x080065a0       0x38 ../../STM32/Middlewares/ST/STM32_USB_Device_Library/Core/Src/usbd_ctlreq.o
 .text.USBD_ClrFeature
                0x080065d8       0x50 ../../STM32/Middlewares/ST/STM32_USB_Device_Library/Core/Src/usbd_ctlreq.o
 .text.USBD_ParseSetupRequest
                0x08006628       0x78 ../../STM32/Middlewares/ST/STM32_USB_Device_Library/Core/Src/usbd_ctlreq.o
                0x08006628                USBD_ParseSetupRequest
 .text.USBD_CtlError
                0x080066a0       0x24 ../../STM32/Middlewares/ST/STM32_USB_Device_Library/Core/Src/usbd_ctlreq.o
                0x080066a0                USBD_CtlError
 .text.USBD_GetString
                0x080066c4       0x88 ../../STM32/Middlewares/ST/STM32_USB_Device_Library/Core/Src/usbd_ctlreq.o
                0x080066c4                USBD_GetString
 .text.USBD_GetLen
                0x0800674c       0x30 ../../STM32/Middlewares/ST/STM32_USB_Device_Library/Core/Src/usbd_ctlreq.o
 .text.USBD_CtlSendData
                0x0800677c       0x38 ../../STM32/Middlewares/ST/STM32_USB_Device_Library/Core/Src/usbd_ioreq.o
                0x0800677c                USBD_CtlSendData
 .text.USBD_CtlContinueSendData
                0x080067b4       0x24 ../../STM32/Middlewares/ST/STM32_USB_Device_Library/Core/Src/usbd_ioreq.o
                0x080067b4                USBD_CtlContinueSendData
 .text.USBD_CtlPrepareRx
                0x080067d8       0x3c ../../STM32/Middlewares/ST/STM32_USB_Device_Library/Core/Src/usbd_ioreq.o
                0x080067d8                USBD_CtlPrepareRx
 .text.USBD_CtlContinueRx
                0x08006814       0x24 ../../STM32/Middlewares/ST/STM32_USB_Device_Library/Core/Src/usbd_ioreq.o
                0x08006814                USBD_CtlContinueRx
 .text.USBD_CtlSendStatus
                0x08006838       0x28 ../../STM32/Middlewares/ST/STM32_USB_Device_Library/Core/Src/usbd_ioreq.o
                0x08006838                USBD_CtlSendStatus
 .text.USBD_CtlReceiveStatus
                0x08006860       0x28 ../../STM32/Middlewares/ST/STM32_USB_Device_Library/Core/Src/usbd_ioreq.o
                0x08006860                USBD_CtlReceiveStatus
 .text.__libc_init_array
                0x08006888       0x50 f:/tools/gnu_tools_arm_embedded/5.4/bin/../lib/gcc/arm-none-eabi/5.4.1/../../../../arm-none-eabi/lib/armv7-m\libc.a(lib_a-init.o)
                0x08006888                __libc_init_array
 .text.startup.register_fini
                0x080068d8       0x14 f:/tools/gnu_tools_arm_embedded/5.4/bin/../lib/gcc/arm-none-eabi/5.4.1/../../../../arm-none-eabi/lib/armv7-m\libc.a(lib_a-__call_atexit.o)
 .text.atexit   0x080068ec        0xc f:/tools/gnu_tools_arm_embedded/5.4/bin/../lib/gcc/arm-none-eabi/5.4.1/../../../../arm-none-eabi/lib/armv7-m\libc.a(lib_a-atexit.o)
                0x080068ec                atexit
 .text.__libc_fini_array
                0x080068f8       0x28 f:/tools/gnu_tools_arm_embedded/5.4/bin/../lib/gcc/arm-none-eabi/5.4.1/../../../../arm-none-eabi/lib/armv7-m\libc.a(lib_a-fini.o)
                0x080068f8                __libc_fini_array
 .text.__register_exitproc
                0x08006920       0xa4 f:/tools/gnu_tools_arm_embedded/5.4/bin/../lib/gcc/arm-none-eabi/5.4.1/../../../../arm-none-eabi/lib/armv7-m\libc.a(lib_a-__atexit.o)
                0x08006920                __register_exitproc
 *(.glue_7)
 .glue_7        0x080069c4        0x0 linker stubs
 *(.glue_7t)
 .glue_7t       0x080069c4        0x0 linker stubs
 *(.eh_frame)
 .eh_frame      0x080069c4        0x0 f:/tools/gnu_tools_arm_embedded/5.4/bin/../lib/gcc/arm-none-eabi/5.4.1/armv7-m/crtbegin.o
 *(.init)
 .init          0x080069c4        0x4 f:/tools/gnu_tools_arm_embedded/5.4/bin/../lib/gcc/arm-none-eabi/5.4.1/armv7-m/crti.o
                0x080069c4                _init
 .init          0x080069c8        0x8 f:/tools/gnu_tools_arm_embedded/5.4/bin/../lib/gcc/arm-none-eabi/5.4.1/armv7-m/crtn.o
 *(.fini)
 .fini          0x080069d0        0x4 f:/tools/gnu_tools_arm_embedded/5.4/bin/../lib/gcc/arm-none-eabi/5.4.1/armv7-m/crti.o
                0x080069d0                _fini
 .fini          0x080069d4        0x8 f:/tools/gnu_tools_arm_embedded/5.4/bin/../lib/gcc/arm-none-eabi/5.4.1/armv7-m/crtn.o
                0x080069dc                . = ALIGN (0x4)
                0x080069dc                _etext = .

.vfp11_veneer   0x080069dc        0x0
 .vfp11_veneer  0x080069dc        0x0 linker stubs

.v4_bx          0x080069dc        0x0
 .v4_bx         0x080069dc        0x0 linker stubs

.iplt           0x080069dc        0x0
 .iplt          0x080069dc        0x0 f:/tools/gnu_tools_arm_embedded/5.4/bin/../lib/gcc/arm-none-eabi/5.4.1/armv7-m/crtbegin.o

.rodata         0x080069dc      0x134
                0x080069dc                . = ALIGN (0x4)
 *(.rodata)
 .rodata        0x080069dc       0x28 main.o
                0x080069dc                fntab
 .rodata        0x08006a04       0x1c ../../clib/ttydata.o
 .rodata        0x08006a20       0x6e ../../clib/fncollection.o
 *fill*         0x08006a8e        0x2 
 .rodata        0x08006a90       0x4a ../../STM32/usbd_desc.o
 *fill*         0x08006ada        0x2 
 .rodata        0x08006adc       0x12 ../../STM32/Drivers/STM32F1xx_HAL_Driver/Src/stm32f1xx_hal_rcc.o
 *fill*         0x08006aee        0x2 
 .rodata        0x08006af0       0x18 ../../STM32/Drivers/CMSIS/Device/ST/STM32F1xx/Source/Templates/system_stm32f1xx.o
                0x08006af0                AHBPrescTable
                0x08006b00                APBPrescTable
 *(.rodata*)
 .rodata.str1.4
                0x08006b08        0x4 f:/tools/gnu_tools_arm_embedded/5.4/bin/../lib/gcc/arm-none-eabi/5.4.1/../../../../arm-none-eabi/lib/armv7-m\libc.a(lib_a-impure.o)
                                  0x2 (size before relaxing)
 .rodata._global_impure_ptr
                0x08006b0c        0x4 f:/tools/gnu_tools_arm_embedded/5.4/bin/../lib/gcc/arm-none-eabi/5.4.1/../../../../arm-none-eabi/lib/armv7-m\libc.a(lib_a-impure.o)
                0x08006b0c                _global_impure_ptr
                0x08006b10                . = ALIGN (0x4)

.rel.dyn        0x08006b10        0x0
 .rel.iplt      0x08006b10        0x0 f:/tools/gnu_tools_arm_embedded/5.4/bin/../lib/gcc/arm-none-eabi/5.4.1/armv7-m/crtbegin.o

.ARM.extab
 *(.ARM.extab* .gnu.linkonce.armextab.*)

.ARM            0x08006b10        0x0
                0x08006b10                __exidx_start = .
 *(.ARM.exidx*)
                0x08006b10                __exidx_end = .

.preinit_array  0x08006b10        0x0
                0x08006b10                PROVIDE (__preinit_array_start, .)
 *(.preinit_array*)
                0x08006b10                PROVIDE (__preinit_array_end, .)

.init_array     0x08006b10        0x8
                0x08006b10                PROVIDE (__init_array_start, .)
 *(SORT(.init_array.*))
 .init_array.00000
                0x08006b10        0x4 f:/tools/gnu_tools_arm_embedded/5.4/bin/../lib/gcc/arm-none-eabi/5.4.1/../../../../arm-none-eabi/lib/armv7-m\libc.a(lib_a-__call_atexit.o)
 *(.init_array*)
 .init_array    0x08006b14        0x4 f:/tools/gnu_tools_arm_embedded/5.4/bin/../lib/gcc/arm-none-eabi/5.4.1/armv7-m/crtbegin.o
                0x08006b18                PROVIDE (__init_array_end, .)

.fini_array     0x08006b18        0x4
                0x08006b18                PROVIDE (__fini_array_start, .)
 *(SORT(.fini_array.*))
 *(.fini_array*)
 .fini_array    0x08006b18        0x4 f:/tools/gnu_tools_arm_embedded/5.4/bin/../lib/gcc/arm-none-eabi/5.4.1/armv7-m/crtbegin.o
                0x08006b1c                PROVIDE (__fini_array_end, .)
                0x08006b1c                _sidata = LOADADDR (.data)

.data           0x20000000      0x588 load address 0x08006b1c
                0x20000000                . = ALIGN (0x4)
                0x20000000                _sdata = .
 *(.data)
 .data          0x20000000        0x1 ../../clib/fncollection.o
                0x20000000                led_mode
 *fill*         0x20000001        0x3 
 .data          0x20000004       0x10 ../../STM32/usbd_cdc_if.o
                0x20000004                USBD_Interface_fops_FS
 .data          0x20000014       0x34 ../../STM32/usbd_desc.o
                0x20000014                FS_Desc
                0x20000030                USBD_FS_DeviceDesc
                0x20000044                USBD_LangIDDesc
 .data          0x20000048        0x4 ../../STM32/Drivers/CMSIS/Device/ST/STM32F1xx/Source/Templates/system_stm32f1xx.o
                0x20000048                SystemCoreClock
 .data          0x2000004c      0x10f ../../STM32/Middlewares/ST/STM32_USB_Device_Library/Class/CDC/Src/usbd_cdc.o
                0x20000058                USBD_CDC
                0x20000090                USBD_CDC_CfgHSDesc
                0x200000d4                USBD_CDC_CfgFSDesc
                0x20000118                USBD_CDC_OtherSpeedCfgDesc
 *(.data*)
 *fill*         0x2000015b        0x5 
 .data.impure_data
                0x20000160      0x428 f:/tools/gnu_tools_arm_embedded/5.4/bin/../lib/gcc/arm-none-eabi/5.4.1/../../../../arm-none-eabi/lib/armv7-m\libc.a(lib_a-impure.o)
                0x20000588                . = ALIGN (0x4)
                0x20000588                _edata = .

.jcr            0x20000588        0x0 load address 0x080070a4
 .jcr           0x20000588        0x0 f:/tools/gnu_tools_arm_embedded/5.4/bin/../lib/gcc/arm-none-eabi/5.4.1/armv7-m/crtbegin.o

.igot.plt       0x20000588        0x0 load address 0x080070a4
 .igot.plt      0x20000588        0x0 f:/tools/gnu_tools_arm_embedded/5.4/bin/../lib/gcc/arm-none-eabi/5.4.1/armv7-m/crtbegin.o
                0x20000588                . = ALIGN (0x4)

.bss            0x20000588      0xe44 load address 0x080070a4
                0x20000588                _sbss = .
                0x20000588                __bss_start__ = _sbss
 *(.bss)
 .bss           0x20000588       0x1c f:/tools/gnu_tools_arm_embedded/5.4/bin/../lib/gcc/arm-none-eabi/5.4.1/armv7-m/crtbegin.o
 .bss           0x200005a4       0x81 ../../clib/cdc.o
 *fill*         0x20000625        0x3 
 .bss           0x20000628       0x82 ../../clib/ttydata.o
 .bss           0x200006aa        0x2 ../../clib/display.o
                0x200006aa                log_enabled
                0x200006ab                display_channel
 .bss           0x200006ac        0x1 ../../clib/fband.o
                0x200006ac                frequencyMode
 *fill*         0x200006ad        0x3 
 .bss           0x200006b0       0xa0 ../../STM32/usbd_conf.o
 .bss           0x20000750        0x4 ../../STM32/Drivers/STM32F1xx_HAL_Driver/Src/stm32f1xx_hal.o
 .bss           0x20000754        0x1 ../../STM32/Drivers/STM32F1xx_HAL_Driver/Src/stm32f1xx_hal_spi_ex.o
                0x20000754                uCRCErrorWorkaroundCheck
 .bss           0x20000755        0x1 ../../STM32/Middlewares/ST/STM32_USB_Device_Library/Class/CDC/Src/usbd_cdc.o
 .bss           0x20000756        0x1 ../../STM32/Middlewares/ST/STM32_USB_Device_Library/Core/Src/usbd_ctlreq.o
 *(.bss*)
 *(COMMON)
 *fill*         0x20000757        0x1 
 COMMON         0x20000758        0x8 main.o
                0x20000758                output_flush_func
                0x2000075c                input_handle_func
 COMMON         0x20000760        0x8 ../../clib/clock.o
                0x20000760                clock_hsec
                0x20000764                ticks
 COMMON         0x20000768      0x107 ../../clib/ttydata.o
                0x20000768                TTY_Tx_Buffer
                0x200007ec                TTY_Rx_Buffer
 *fill*         0x2000086f        0x1 
 COMMON         0x20000870       0xc0 ../../STM32/hal_usart.o
                0x20000870                huart3
                0x200008b0                huart1
                0x200008f0                huart2
 COMMON         0x20000930       0x58 ../../STM32/hal_spi.o
                0x20000930                hspi1
 COMMON         0x20000988      0x224 ../../STM32/usb_device.o
                0x20000988                hUsbDeviceFS
 COMMON         0x20000bac      0x100 ../../STM32/usbd_cdc_if.o
                0x20000bac                UserRxBufferFS
                0x20000c2c                UserTxBufferFS
 COMMON         0x20000cac      0x420 ../../STM32/usbd_conf.o
                0x20000cac                hpcd_USB_FS
 COMMON         0x200010cc      0x200 ../../STM32/usbd_desc.o
                0x200010cc                USBD_StrDesc
 COMMON         0x200012cc      0x100 ../../STM32/avr/eeprom.o
                0x200012cc                ee_ram
                0x200013cc                . = ALIGN (0x4)
                0x200013cc                _ebss = .
                0x200013cc                __bss_end__ = _ebss

._user_heap_stack
                0x200013cc      0x604 load address 0x080070a4
                0x200013d0                . = ALIGN (0x8)
 *fill*         0x200013cc        0x4 
                [!provide]                PROVIDE (end, .)
                [!provide]                PROVIDE (_end, .)
                0x200015d0                . = (. + _Min_Heap_Size)
 *fill*         0x200013d0      0x200 
                0x200019d0                . = (. + _Min_Stack_Size)
 *fill*         0x200015d0      0x400 
                0x200019d0                . = ALIGN (0x8)

/DISCARD/
 libc.a(*)
 libm.a(*)
 libgcc.a(*)

.ARM.attributes
                0x00000000       0x29
 *(.ARM.attributes)
 .ARM.attributes
                0x00000000       0x1d f:/tools/gnu_tools_arm_embedded/5.4/bin/../lib/gcc/arm-none-eabi/5.4.1/armv7-m/crti.o
 .ARM.attributes
                0x0000001d       0x2d f:/tools/gnu_tools_arm_embedded/5.4/bin/../lib/gcc/arm-none-eabi/5.4.1/armv7-m/crtbegin.o
 .ARM.attributes
                0x0000004a       0x33 gpio.o
 .ARM.attributes
                0x0000007d       0x33 main.o
 .ARM.attributes
                0x000000b0       0x33 stm32f1xx_hal_msp.o
 .ARM.attributes
                0x000000e3       0x33 stm32f1xx_it.o
 .ARM.attributes
                0x00000116       0x33 ../../clib/ringbuffer.o
 .ARM.attributes
                0x00000149       0x33 ../../clib/cdc.o
 .ARM.attributes
                0x0000017c       0x33 ../../clib/clock.o
 .ARM.attributes
                0x000001af       0x33 ../../clib/ttydata.o
 .ARM.attributes
                0x000001e2       0x33 ../../clib/display.o
 .ARM.attributes
                0x00000215       0x33 ../../clib/fncollection.o
 .ARM.attributes
                0x00000248       0x33 ../../clib/stringfunc.o
 .ARM.attributes
                0x0000027b       0x33 ../../clib/fband.o
 .ARM.attributes
                0x000002ae       0x33 ../../STM32/hal_usart.o
 .ARM.attributes
                0x000002e1       0x33 ../../STM32/hal_spi.o
 .ARM.attributes
                0x00000314       0x33 ../../STM32/usb_device.o
 .ARM.attributes
                0x00000347       0x33 ../../STM32/usbd_cdc_if.o
 .ARM.attributes
                0x0000037a       0x33 ../../STM32/usbd_conf.o
 .ARM.attributes
                0x000003ad       0x33 ../../STM32/usbd_desc.o
 .ARM.attributes
                0x000003e0       0x33 ../../STM32/avr/interrupt.o
 .ARM.attributes
                0x00000413       0x33 ../../STM32/avr/eeprom.o
 .ARM.attributes
                0x00000446       0x33 ../../STM32/Drivers/STM32F1xx_HAL_Driver/Src/stm32f1xx_hal.o
 .ARM.attributes
                0x00000479       0x33 ../../STM32/Drivers/STM32F1xx_HAL_Driver/Src/stm32f1xx_hal_cortex.o
 .ARM.attributes
                0x000004ac       0x33 ../../STM32/Drivers/STM32F1xx_HAL_Driver/Src/stm32f1xx_hal_gpio.o
 .ARM.attributes
                0x000004df       0x33 ../../STM32/Drivers/STM32F1xx_HAL_Driver/Src/stm32f1xx_hal_pcd.o
 .ARM.attributes
                0x00000512       0x33 ../../STM32/Drivers/STM32F1xx_HAL_Driver/Src/stm32f1xx_hal_pcd_ex.o
 .ARM.attributes
                0x00000545       0x33 ../../STM32/Drivers/STM32F1xx_HAL_Driver/Src/stm32f1xx_hal_rcc.o
 .ARM.attributes
                0x00000578       0x33 ../../STM32/Drivers/STM32F1xx_HAL_Driver/Src/stm32f1xx_hal_rcc_ex.o
 .ARM.attributes
                0x000005ab       0x33 ../../STM32/Drivers/STM32F1xx_HAL_Driver/Src/stm32f1xx_hal_spi_ex.o
 .ARM.attributes
                0x000005de       0x33 ../../STM32/Drivers/STM32F1xx_HAL_Driver/Src/stm32f1xx_hal_uart.o
 .ARM.attributes
                0x00000611       0x33 ../../STM32/Drivers/STM32F1xx_HAL_Driver/Src/stm32f1xx_ll_usb.o
 .ARM.attributes
                0x00000644       0x33 ../../STM32/Drivers/CMSIS/Device/ST/STM32F1xx/Source/Templates/system_stm32f1xx.o
 .ARM.attributes
                0x00000677       0x21 ../../STM32/Drivers/CMSIS/Device/ST/STM32F1xx/Source/Templates/gcc/startup_stm32f103xb.o
 .ARM.attributes
                0x00000698       0x33 ../../STM32/Middlewares/ST/STM32_USB_Device_Library/Class/CDC/Src/usbd_cdc.o
 .ARM.attributes
                0x000006cb       0x33 ../../STM32/Middlewares/ST/STM32_USB_Device_Library/Core/Src/usbd_core.o
 .ARM.attributes
                0x000006fe       0x33 ../../STM32/Middlewares/ST/STM32_USB_Device_Library/Core/Src/usbd_ctlreq.o
 .ARM.attributes
                0x00000731       0x33 ../../STM32/Middlewares/ST/STM32_USB_Device_Library/Core/Src/usbd_ioreq.o
 .ARM.attributes
                0x00000764       0x2d f:/tools/gnu_tools_arm_embedded/5.4/bin/../lib/gcc/arm-none-eabi/5.4.1/../../../../arm-none-eabi/lib/armv7-m\libc.a(lib_a-impure.o)
 .ARM.attributes
                0x00000791       0x2d f:/tools/gnu_tools_arm_embedded/5.4/bin/../lib/gcc/arm-none-eabi/5.4.1/../../../../arm-none-eabi/lib/armv7-m\libc.a(lib_a-init.o)
 .ARM.attributes
                0x000007be       0x2d f:/tools/gnu_tools_arm_embedded/5.4/bin/../lib/gcc/arm-none-eabi/5.4.1/../../../../arm-none-eabi/lib/armv7-m\libc.a(lib_a-__call_atexit.o)
 .ARM.attributes
                0x000007eb       0x2d f:/tools/gnu_tools_arm_embedded/5.4/bin/../lib/gcc/arm-none-eabi/5.4.1/../../../../arm-none-eabi/lib/armv7-m\libc.a(lib_a-atexit.o)
 .ARM.attributes
                0x00000818       0x2d f:/tools/gnu_tools_arm_embedded/5.4/bin/../lib/gcc/arm-none-eabi/5.4.1/../../../../arm-none-eabi/lib/armv7-m\libc.a(lib_a-fini.o)
 .ARM.attributes
                0x00000845       0x2d f:/tools/gnu_tools_arm_embedded/5.4/bin/../lib/gcc/arm-none-eabi/5.4.1/../../../../arm-none-eabi/lib/armv7-m\libc.a(lib_a-__atexit.o)
 .ARM.attributes
                0x00000872       0x1d f:/tools/gnu_tools_arm_embedded/5.4/bin/../lib/gcc/arm-none-eabi/5.4.1/armv7-m/crtn.o
OUTPUT(testCUL.elf elf32-littlearm)

.debug_info     0x00000000     0xe2c1
 .debug_info    0x00000000      0x2af gpio.o
 .debug_info    0x000002af      0x57a main.o
 .debug_info    0x00000829      0x336 stm32f1xx_hal_msp.o
 .debug_info    0x00000b5f      0x587 stm32f1xx_it.o
 .debug_info    0x000010e6      0x18f ../../clib/ringbuffer.o
 .debug_info    0x00001275      0x1f8 ../../clib/cdc.o
 .debug_info    0x0000146d      0x21f ../../clib/clock.o
 .debug_info    0x0000168c      0x28b ../../clib/ttydata.o
 .debug_info    0x00001917      0x340 ../../clib/display.o
 .debug_info    0x00001c57      0x37a ../../clib/fncollection.o
 .debug_info    0x00001fd1      0x226 ../../clib/stringfunc.o
 .debug_info    0x000021f7      0x184 ../../clib/fband.o
 .debug_info    0x0000237b      0x70a ../../STM32/hal_usart.o
 .debug_info    0x00002a85      0x6f8 ../../STM32/hal_spi.o
 .debug_info    0x0000317d      0x58d ../../STM32/usb_device.o
 .debug_info    0x0000370a      0x7a4 ../../STM32/usbd_cdc_if.o
 .debug_info    0x00003eae     0x12d0 ../../STM32/usbd_conf.o
 .debug_info    0x0000517e      0x37b ../../STM32/usbd_desc.o
 .debug_info    0x000054f9       0xb2 ../../STM32/avr/interrupt.o
 .debug_info    0x000055ab      0x281 ../../STM32/avr/eeprom.o
 .debug_info    0x0000582c      0x5e0 ../../STM32/Drivers/STM32F1xx_HAL_Driver/Src/stm32f1xx_hal.o
 .debug_info    0x00005e0c      0xabc ../../STM32/Drivers/STM32F1xx_HAL_Driver/Src/stm32f1xx_hal_cortex.o
 .debug_info    0x000068c8      0x5f2 ../../STM32/Drivers/STM32F1xx_HAL_Driver/Src/stm32f1xx_hal_gpio.o
 .debug_info    0x00006eba      0xcb3 ../../STM32/Drivers/STM32F1xx_HAL_Driver/Src/stm32f1xx_hal_pcd.o
 .debug_info    0x00007b6d      0x59f ../../STM32/Drivers/STM32F1xx_HAL_Driver/Src/stm32f1xx_hal_pcd_ex.o
 .debug_info    0x0000810c     0x13f6 ../../STM32/Drivers/STM32F1xx_HAL_Driver/Src/stm32f1xx_hal_rcc.o
 .debug_info    0x00009502      0x53e ../../STM32/Drivers/STM32F1xx_HAL_Driver/Src/stm32f1xx_hal_rcc_ex.o
 .debug_info    0x00009a40      0x588 ../../STM32/Drivers/STM32F1xx_HAL_Driver/Src/stm32f1xx_hal_spi_ex.o
 .debug_info    0x00009fc8      0xded ../../STM32/Drivers/STM32F1xx_HAL_Driver/Src/stm32f1xx_hal_uart.o
 .debug_info    0x0000adb5      0xe61 ../../STM32/Drivers/STM32F1xx_HAL_Driver/Src/stm32f1xx_ll_usb.o
 .debug_info    0x0000bc16      0x3e1 ../../STM32/Drivers/CMSIS/Device/ST/STM32F1xx/Source/Templates/system_stm32f1xx.o
 .debug_info    0x0000bff7       0xa9 ../../STM32/Drivers/CMSIS/Device/ST/STM32F1xx/Source/Templates/gcc/startup_stm32f103xb.o
 .debug_info    0x0000c0a0      0xa4a ../../STM32/Middlewares/ST/STM32_USB_Device_Library/Class/CDC/Src/usbd_cdc.o
 .debug_info    0x0000caea      0x907 ../../STM32/Middlewares/ST/STM32_USB_Device_Library/Core/Src/usbd_core.o
 .debug_info    0x0000d3f1      0x868 ../../STM32/Middlewares/ST/STM32_USB_Device_Library/Core/Src/usbd_ctlreq.o
 .debug_info    0x0000dc59      0x668 ../../STM32/Middlewares/ST/STM32_USB_Device_Library/Core/Src/usbd_ioreq.o

.debug_abbrev   0x00000000     0x347c
 .debug_abbrev  0x00000000      0x10a gpio.o
 .debug_abbrev  0x0000010a      0x1c2 main.o
 .debug_abbrev  0x000002cc       0xef stm32f1xx_hal_msp.o
 .debug_abbrev  0x000003bb      0x14c stm32f1xx_it.o
 .debug_abbrev  0x00000507      0x10a ../../clib/ringbuffer.o
 .debug_abbrev  0x00000611      0x142 ../../clib/cdc.o
 .debug_abbrev  0x00000753      0x11c ../../clib/clock.o
 .debug_abbrev  0x0000086f      0x156 ../../clib/ttydata.o
 .debug_abbrev  0x000009c5      0x140 ../../clib/display.o
 .debug_abbrev  0x00000b05      0x17f ../../clib/fncollection.o
 .debug_abbrev  0x00000c84       0xd4 ../../clib/stringfunc.o
 .debug_abbrev  0x00000d58       0xc9 ../../clib/fband.o
 .debug_abbrev  0x00000e21      0x171 ../../STM32/hal_usart.o
 .debug_abbrev  0x00000f92      0x166 ../../STM32/hal_spi.o
 .debug_abbrev  0x000010f8      0x139 ../../STM32/usb_device.o
 .debug_abbrev  0x00001231      0x1ec ../../STM32/usbd_cdc_if.o
 .debug_abbrev  0x0000141d      0x261 ../../STM32/usbd_conf.o
 .debug_abbrev  0x0000167e      0x13f ../../STM32/usbd_desc.o
 .debug_abbrev  0x000017bd       0x6c ../../STM32/avr/interrupt.o
 .debug_abbrev  0x00001829      0x14d ../../STM32/avr/eeprom.o
 .debug_abbrev  0x00001976      0x1fb ../../STM32/Drivers/STM32F1xx_HAL_Driver/Src/stm32f1xx_hal.o
 .debug_abbrev  0x00001b71      0x273 ../../STM32/Drivers/STM32F1xx_HAL_Driver/Src/stm32f1xx_hal_cortex.o
 .debug_abbrev  0x00001de4      0x1af ../../STM32/Drivers/STM32F1xx_HAL_Driver/Src/stm32f1xx_hal_gpio.o
 .debug_abbrev  0x00001f93      0x235 ../../STM32/Drivers/STM32F1xx_HAL_Driver/Src/stm32f1xx_hal_pcd.o
 .debug_abbrev  0x000021c8      0x15f ../../STM32/Drivers/STM32F1xx_HAL_Driver/Src/stm32f1xx_hal_pcd_ex.o
 .debug_abbrev  0x00002327      0x279 ../../STM32/Drivers/STM32F1xx_HAL_Driver/Src/stm32f1xx_hal_rcc.o
 .debug_abbrev  0x000025a0      0x1ee ../../STM32/Drivers/STM32F1xx_HAL_Driver/Src/stm32f1xx_hal_rcc_ex.o
 .debug_abbrev  0x0000278e      0x154 ../../STM32/Drivers/STM32F1xx_HAL_Driver/Src/stm32f1xx_hal_spi_ex.o
 .debug_abbrev  0x000028e2      0x21a ../../STM32/Drivers/STM32F1xx_HAL_Driver/Src/stm32f1xx_hal_uart.o
 .debug_abbrev  0x00002afc      0x191 ../../STM32/Drivers/STM32F1xx_HAL_Driver/Src/stm32f1xx_ll_usb.o
 .debug_abbrev  0x00002c8d      0x125 ../../STM32/Drivers/CMSIS/Device/ST/STM32F1xx/Source/Templates/system_stm32f1xx.o
 .debug_abbrev  0x00002db2       0x12 ../../STM32/Drivers/CMSIS/Device/ST/STM32F1xx/Source/Templates/gcc/startup_stm32f103xb.o
 .debug_abbrev  0x00002dc4      0x1d8 ../../STM32/Middlewares/ST/STM32_USB_Device_Library/Class/CDC/Src/usbd_cdc.o
 .debug_abbrev  0x00002f9c      0x1c0 ../../STM32/Middlewares/ST/STM32_USB_Device_Library/Core/Src/usbd_core.o
 .debug_abbrev  0x0000315c      0x1f0 ../../STM32/Middlewares/ST/STM32_USB_Device_Library/Core/Src/usbd_ctlreq.o
 .debug_abbrev  0x0000334c      0x130 ../../STM32/Middlewares/ST/STM32_USB_Device_Library/Core/Src/usbd_ioreq.o

.debug_aranges  0x00000000      0xe68
 .debug_aranges
                0x00000000       0x20 gpio.o
 .debug_aranges
                0x00000020       0x38 main.o
 .debug_aranges
                0x00000058       0x20 stm32f1xx_hal_msp.o
 .debug_aranges
                0x00000078       0x68 stm32f1xx_it.o
 .debug_aranges
                0x000000e0       0x30 ../../clib/ringbuffer.o
 .debug_aranges
                0x00000110       0x28 ../../clib/cdc.o
 .debug_aranges
                0x00000138       0x38 ../../clib/clock.o
 .debug_aranges
                0x00000170       0x28 ../../clib/ttydata.o
 .debug_aranges
                0x00000198       0x50 ../../clib/display.o
 .debug_aranges
                0x000001e8       0x78 ../../clib/fncollection.o
 .debug_aranges
                0x00000260       0x38 ../../clib/stringfunc.o
 .debug_aranges
                0x00000298       0x28 ../../clib/fband.o
 .debug_aranges
                0x000002c0       0x40 ../../STM32/hal_usart.o
 .debug_aranges
                0x00000300       0x30 ../../STM32/hal_spi.o
 .debug_aranges
                0x00000330       0x20 ../../STM32/usb_device.o
 .debug_aranges
                0x00000350       0x48 ../../STM32/usbd_cdc_if.o
 .debug_aranges
                0x00000398      0x110 ../../STM32/usbd_conf.o
 .debug_aranges
                0x000004a8       0x50 ../../STM32/usbd_desc.o
 .debug_aranges
                0x000004f8       0x30 ../../STM32/avr/interrupt.o
 .debug_aranges
                0x00000528       0x50 ../../STM32/avr/eeprom.o
 .debug_aranges
                0x00000578       0xb0 ../../STM32/Drivers/STM32F1xx_HAL_Driver/Src/stm32f1xx_hal.o
 .debug_aranges
                0x00000628      0x100 ../../STM32/Drivers/STM32F1xx_HAL_Driver/Src/stm32f1xx_hal_cortex.o
 .debug_aranges
                0x00000728       0x58 ../../STM32/Drivers/STM32F1xx_HAL_Driver/Src/stm32f1xx_hal_gpio.o
 .debug_aranges
                0x00000780      0x120 ../../STM32/Drivers/STM32F1xx_HAL_Driver/Src/stm32f1xx_hal_pcd.o
 .debug_aranges
                0x000008a0       0x28 ../../STM32/Drivers/STM32F1xx_HAL_Driver/Src/stm32f1xx_hal_pcd_ex.o
 .debug_aranges
                0x000008c8       0x88 ../../STM32/Drivers/STM32F1xx_HAL_Driver/Src/stm32f1xx_hal_rcc.o
 .debug_aranges
                0x00000950       0x30 ../../STM32/Drivers/STM32F1xx_HAL_Driver/Src/stm32f1xx_hal_rcc_ex.o
 .debug_aranges
                0x00000980       0x28 ../../STM32/Drivers/STM32F1xx_HAL_Driver/Src/stm32f1xx_hal_spi_ex.o
 .debug_aranges
                0x000009a8      0x150 ../../STM32/Drivers/STM32F1xx_HAL_Driver/Src/stm32f1xx_hal_uart.o
 .debug_aranges
                0x00000af8      0x100 ../../STM32/Drivers/STM32F1xx_HAL_Driver/Src/stm32f1xx_ll_usb.o
 .debug_aranges
                0x00000bf8       0x28 ../../STM32/Drivers/CMSIS/Device/ST/STM32F1xx/Source/Templates/system_stm32f1xx.o
 .debug_aranges
                0x00000c20       0x28 ../../STM32/Drivers/CMSIS/Device/ST/STM32F1xx/Source/Templates/gcc/startup_stm32f103xb.o
 .debug_aranges
                0x00000c48       0x90 ../../STM32/Middlewares/ST/STM32_USB_Device_Library/Class/CDC/Src/usbd_cdc.o
 .debug_aranges
                0x00000cd8       0xb8 ../../STM32/Middlewares/ST/STM32_USB_Device_Library/Core/Src/usbd_core.o
 .debug_aranges
                0x00000d90       0x88 ../../STM32/Middlewares/ST/STM32_USB_Device_Library/Core/Src/usbd_ctlreq.o
 .debug_aranges
                0x00000e18       0x50 ../../STM32/Middlewares/ST/STM32_USB_Device_Library/Core/Src/usbd_ioreq.o

.debug_ranges   0x00000000      0xc48
 .debug_ranges  0x00000000       0x10 gpio.o
 .debug_ranges  0x00000010       0x28 main.o
 .debug_ranges  0x00000038       0x10 stm32f1xx_hal_msp.o
 .debug_ranges  0x00000048       0x58 stm32f1xx_it.o
 .debug_ranges  0x000000a0       0x20 ../../clib/ringbuffer.o
 .debug_ranges  0x000000c0       0x18 ../../clib/cdc.o
 .debug_ranges  0x000000d8       0x28 ../../clib/clock.o
 .debug_ranges  0x00000100       0x30 ../../clib/ttydata.o
 .debug_ranges  0x00000130       0x40 ../../clib/display.o
 .debug_ranges  0x00000170       0x68 ../../clib/fncollection.o
 .debug_ranges  0x000001d8       0x28 ../../clib/stringfunc.o
 .debug_ranges  0x00000200       0x18 ../../clib/fband.o
 .debug_ranges  0x00000218       0x30 ../../STM32/hal_usart.o
 .debug_ranges  0x00000248       0x20 ../../STM32/hal_spi.o
 .debug_ranges  0x00000268       0x10 ../../STM32/usb_device.o
 .debug_ranges  0x00000278       0x38 ../../STM32/usbd_cdc_if.o
 .debug_ranges  0x000002b0      0x100 ../../STM32/usbd_conf.o
 .debug_ranges  0x000003b0       0x40 ../../STM32/usbd_desc.o
 .debug_ranges  0x000003f0       0x20 ../../STM32/avr/interrupt.o
 .debug_ranges  0x00000410       0x40 ../../STM32/avr/eeprom.o
 .debug_ranges  0x00000450       0xa0 ../../STM32/Drivers/STM32F1xx_HAL_Driver/Src/stm32f1xx_hal.o
 .debug_ranges  0x000004f0       0xf0 ../../STM32/Drivers/STM32F1xx_HAL_Driver/Src/stm32f1xx_hal_cortex.o
 .debug_ranges  0x000005e0       0x48 ../../STM32/Drivers/STM32F1xx_HAL_Driver/Src/stm32f1xx_hal_gpio.o
 .debug_ranges  0x00000628      0x110 ../../STM32/Drivers/STM32F1xx_HAL_Driver/Src/stm32f1xx_hal_pcd.o
 .debug_ranges  0x00000738       0x18 ../../STM32/Drivers/STM32F1xx_HAL_Driver/Src/stm32f1xx_hal_pcd_ex.o
 .debug_ranges  0x00000750       0x78 ../../STM32/Drivers/STM32F1xx_HAL_Driver/Src/stm32f1xx_hal_rcc.o
 .debug_ranges  0x000007c8       0x20 ../../STM32/Drivers/STM32F1xx_HAL_Driver/Src/stm32f1xx_hal_rcc_ex.o
 .debug_ranges  0x000007e8       0x18 ../../STM32/Drivers/STM32F1xx_HAL_Driver/Src/stm32f1xx_hal_spi_ex.o
 .debug_ranges  0x00000800      0x140 ../../STM32/Drivers/STM32F1xx_HAL_Driver/Src/stm32f1xx_hal_uart.o
 .debug_ranges  0x00000940       0xf0 ../../STM32/Drivers/STM32F1xx_HAL_Driver/Src/stm32f1xx_ll_usb.o
 .debug_ranges  0x00000a30       0x18 ../../STM32/Drivers/CMSIS/Device/ST/STM32F1xx/Source/Templates/system_stm32f1xx.o
 .debug_ranges  0x00000a48       0x20 ../../STM32/Drivers/CMSIS/Device/ST/STM32F1xx/Source/Templates/gcc/startup_stm32f103xb.o
 .debug_ranges  0x00000a68       0x80 ../../STM32/Middlewares/ST/STM32_USB_Device_Library/Class/CDC/Src/usbd_cdc.o
 .debug_ranges  0x00000ae8       0xa8 ../../STM32/Middlewares/ST/STM32_USB_Device_Library/Core/Src/usbd_core.o
 .debug_ranges  0x00000b90       0x78 ../../STM32/Middlewares/ST/STM32_USB_Device_Library/Core/Src/usbd_ctlreq.o
 .debug_ranges  0x00000c08       0x40 ../../STM32/Middlewares/ST/STM32_USB_Device_Library/Core/Src/usbd_ioreq.o

.debug_macro    0x00000000    0x1d4c7
 .debug_macro   0x00000000      0x2a6 gpio.o
 .debug_macro   0x000002a6      0x88c gpio.o
 .debug_macro   0x00000b32      0x198 gpio.o
 .debug_macro   0x00000cca       0x28 gpio.o
 .debug_macro   0x00000cf2       0x22 gpio.o
 .debug_macro   0x00000d14       0x22 gpio.o
 .debug_macro   0x00000d36       0x4f gpio.o
 .debug_macro   0x00000d85       0x44 gpio.o
 .debug_macro   0x00000dc9       0xfd gpio.o
 .debug_macro   0x00000ec6       0x5e gpio.o
 .debug_macro   0x00000f24      0x1df gpio.o
 .debug_macro   0x00001103       0x34 gpio.o
 .debug_macro   0x00001137       0x34 gpio.o
 .debug_macro   0x0000116b      0xb8e gpio.o
 .debug_macro   0x00001cf9     0xf2f7 gpio.o
 .debug_macro   0x00010ff0       0x43 gpio.o
 .debug_macro   0x00011033     0x3383 gpio.o
 .debug_macro   0x000143b6       0x52 gpio.o
 .debug_macro   0x00014408       0x35 gpio.o
 .debug_macro   0x0001443d       0x9c gpio.o
 .debug_macro   0x000144d9       0x16 gpio.o
 .debug_macro   0x000144ef       0x97 gpio.o
 .debug_macro   0x00014586      0x330 gpio.o
 .debug_macro   0x000148b6       0xf6 gpio.o
 .debug_macro   0x000149ac       0x10 gpio.o
 .debug_macro   0x000149bc       0x52 gpio.o
 .debug_macro   0x00014a0e       0x1f gpio.o
 .debug_macro   0x00014a2d       0x43 gpio.o
 .debug_macro   0x00014a70       0x20 gpio.o
 .debug_macro   0x00014a90      0x187 gpio.o
 .debug_macro   0x00014c17       0x10 gpio.o
 .debug_macro   0x00014c27       0xb6 gpio.o
 .debug_macro   0x00014cdd       0x16 gpio.o
 .debug_macro   0x00014cf3      0x143 gpio.o
 .debug_macro   0x00014e36       0x57 gpio.o
 .debug_macro   0x00014e8d      0x778 gpio.o
 .debug_macro   0x00015605      0x28b gpio.o
 .debug_macro   0x00015890      0x141 gpio.o
 .debug_macro   0x000159d1      0x197 gpio.o
 .debug_macro   0x00015b68      0x1ae gpio.o
 .debug_macro   0x00015d16       0x2d gpio.o
 .debug_macro   0x00015d43       0x3c gpio.o
 .debug_macro   0x00015d7f       0x57 gpio.o
 .debug_macro   0x00015dd6       0x8c gpio.o
 .debug_macro   0x00015e62      0x242 gpio.o
 .debug_macro   0x000160a4      0x143 gpio.o
 .debug_macro   0x000161e7      0x1f4 gpio.o
 .debug_macro   0x000163db      0x256 gpio.o
 .debug_macro   0x00016631       0x50 gpio.o
 .debug_macro   0x00016681      0x26c gpio.o
 .debug_macro   0x000168ed       0x7c gpio.o
 .debug_macro   0x00016969      0x40d main.o
 .debug_macro   0x00016d76       0x4c main.o
 .debug_macro   0x00016dc2       0x16 main.o
 .debug_macro   0x00016dd8       0x35 main.o
 .debug_macro   0x00016e0d       0x22 main.o
 .debug_macro   0x00016e2f       0x16 main.o
 .debug_macro   0x00016e45       0x6a main.o
 .debug_macro   0x00016eaf      0x1c3 main.o
 .debug_macro   0x00017072       0x8d main.o
 .debug_macro   0x000170ff       0x1c main.o
 .debug_macro   0x0001711b       0x40 main.o
 .debug_macro   0x0001715b       0x1c main.o
 .debug_macro   0x00017177       0x83 main.o
 .debug_macro   0x000171fa       0x22 main.o
 .debug_macro   0x0001721c       0x64 main.o
 .debug_macro   0x00017280       0x40 main.o
 .debug_macro   0x000172c0       0x4c main.o
 .debug_macro   0x0001730c       0x28 main.o
 .debug_macro   0x00017334      0x29c stm32f1xx_hal_msp.o
 .debug_macro   0x000175d0      0x2a6 stm32f1xx_it.o
 .debug_macro   0x00017876       0x7f ../../clib/ringbuffer.o
 .debug_macro   0x000178f5      0x3b8 ../../clib/cdc.o
 .debug_macro   0x00017cad       0x22 ../../clib/cdc.o
 .debug_macro   0x00017ccf       0x3a ../../clib/cdc.o
 .debug_macro   0x00017d09      0x446 ../../clib/clock.o
 .debug_macro   0x0001814f       0x16 ../../clib/clock.o
 .debug_macro   0x00018165       0x5e ../../clib/clock.o
 .debug_macro   0x000181c3       0x10 ../../clib/clock.o
 .debug_macro   0x000181d3      0x16d ../../clib/clock.o
 .debug_macro   0x00018340       0x10 ../../clib/clock.o
 .debug_macro   0x00018350       0x34 ../../clib/clock.o
 .debug_macro   0x00018384       0x2e ../../clib/clock.o
 .debug_macro   0x000183b2       0x7c ../../clib/clock.o
 .debug_macro   0x0001842e       0x6a ../../clib/clock.o
 .debug_macro   0x00018498       0x46 ../../clib/clock.o
 .debug_macro   0x000184de       0x10 ../../clib/clock.o
 .debug_macro   0x000184ee       0x1c ../../clib/clock.o
 .debug_macro   0x0001850a       0xfa ../../clib/clock.o
 .debug_macro   0x00018604       0x2e ../../clib/clock.o
 .debug_macro   0x00018632       0x1c ../../clib/clock.o
 .debug_macro   0x0001864e      0x15e ../../clib/ttydata.o
 .debug_macro   0x000187ac      0x3fc ../../clib/display.o
 .debug_macro   0x00018ba8       0x58 ../../clib/display.o
 .debug_macro   0x00018c00      0x100 ../../clib/display.o
 .debug_macro   0x00018d00       0x22 ../../clib/display.o
 .debug_macro   0x00018d22      0x20a ../../clib/fncollection.o
 .debug_macro   0x00018f2c       0x10 ../../clib/fncollection.o
 .debug_macro   0x00018f3c      0x300 ../../clib/fncollection.o
 .debug_macro   0x0001923c       0x28 ../../clib/fncollection.o
 .debug_macro   0x00019264       0x16 ../../clib/fncollection.o
 .debug_macro   0x0001927a       0x28 ../../clib/fncollection.o
 .debug_macro   0x000192a2       0x16 ../../clib/fncollection.o
 .debug_macro   0x000192b8      0x129 ../../clib/stringfunc.o
 .debug_macro   0x000193e1      0x175 ../../clib/fband.o
 .debug_macro   0x00019556      0x2b0 ../../STM32/hal_usart.o
 .debug_macro   0x00019806      0x2b0 ../../STM32/hal_spi.o
 .debug_macro   0x00019ab6      0x35d ../../STM32/usb_device.o
 .debug_macro   0x00019e13      0x347 ../../STM32/usbd_cdc_if.o
 .debug_macro   0x0001a15a      0x33f ../../STM32/usbd_conf.o
 .debug_macro   0x0001a499      0x364 ../../STM32/usbd_desc.o
 .debug_macro   0x0001a7fd       0x72 ../../STM32/avr/interrupt.o
 .debug_macro   0x0001a86f       0x16 ../../STM32/avr/interrupt.o
 .debug_macro   0x0001a885      0x18f ../../STM32/avr/eeprom.o
 .debug_macro   0x0001aa14       0x87 ../../STM32/avr/eeprom.o
 .debug_macro   0x0001aa9b      0x2c0 ../../STM32/Drivers/STM32F1xx_HAL_Driver/Src/stm32f1xx_hal.o
 .debug_macro   0x0001ad5b      0x29c ../../STM32/Drivers/STM32F1xx_HAL_Driver/Src/stm32f1xx_hal_cortex.o
 .debug_macro   0x0001aff7      0x30c ../../STM32/Drivers/STM32F1xx_HAL_Driver/Src/stm32f1xx_hal_gpio.o
 .debug_macro   0x0001b303      0x2a8 ../../STM32/Drivers/STM32F1xx_HAL_Driver/Src/stm32f1xx_hal_pcd.o
 .debug_macro   0x0001b5ab      0x29c ../../STM32/Drivers/STM32F1xx_HAL_Driver/Src/stm32f1xx_hal_pcd_ex.o
 .debug_macro   0x0001b847      0x2c0 ../../STM32/Drivers/STM32F1xx_HAL_Driver/Src/stm32f1xx_hal_rcc.o
 .debug_macro   0x0001bb07      0x29c ../../STM32/Drivers/STM32F1xx_HAL_Driver/Src/stm32f1xx_hal_rcc_ex.o
 .debug_macro   0x0001bda3      0x29c ../../STM32/Drivers/STM32F1xx_HAL_Driver/Src/stm32f1xx_hal_spi_ex.o
 .debug_macro   0x0001c03f      0x29d ../../STM32/Drivers/STM32F1xx_HAL_Driver/Src/stm32f1xx_hal_uart.o
 .debug_macro   0x0001c2dc      0x29c ../../STM32/Drivers/STM32F1xx_HAL_Driver/Src/stm32f1xx_ll_usb.o
 .debug_macro   0x0001c578      0x2a2 ../../STM32/Drivers/CMSIS/Device/ST/STM32F1xx/Source/Templates/system_stm32f1xx.o
 .debug_macro   0x0001c81a      0x33f ../../STM32/Middlewares/ST/STM32_USB_Device_Library/Class/CDC/Src/usbd_cdc.o
 .debug_macro   0x0001cb59      0x326 ../../STM32/Middlewares/ST/STM32_USB_Device_Library/Core/Src/usbd_core.o
 .debug_macro   0x0001ce7f      0x326 ../../STM32/Middlewares/ST/STM32_USB_Device_Library/Core/Src/usbd_ctlreq.o
 .debug_macro   0x0001d1a5      0x322 ../../STM32/Middlewares/ST/STM32_USB_Device_Library/Core/Src/usbd_ioreq.o

.debug_line     0x00000000     0xeea6
 .debug_line    0x00000000      0x580 gpio.o
 .debug_line    0x00000580      0x817 main.o
 .debug_line    0x00000d97      0x585 stm32f1xx_hal_msp.o
 .debug_line    0x0000131c      0x634 stm32f1xx_it.o
 .debug_line    0x00001950      0x22f ../../clib/ringbuffer.o
 .debug_line    0x00001b7f      0x75c ../../clib/cdc.o
 .debug_line    0x000022db      0x830 ../../clib/clock.o
 .debug_line    0x00002b0b      0x2fd ../../clib/ttydata.o
 .debug_line    0x00002e08      0x84b ../../clib/display.o
 .debug_line    0x00003653      0x503 ../../clib/fncollection.o
 .debug_line    0x00003b56      0x330 ../../clib/stringfunc.o
 .debug_line    0x00003e86      0x2e4 ../../clib/fband.o
 .debug_line    0x0000416a      0x627 ../../STM32/hal_usart.o
 .debug_line    0x00004791      0x5c5 ../../STM32/hal_spi.o
 .debug_line    0x00004d56      0x6b2 ../../STM32/usb_device.o
 .debug_line    0x00005408      0x6fc ../../STM32/usbd_cdc_if.o
 .debug_line    0x00005b04      0x8c6 ../../STM32/usbd_conf.o
 .debug_line    0x000063ca      0x6b9 ../../STM32/usbd_desc.o
 .debug_line    0x00006a83      0x1e5 ../../STM32/avr/interrupt.o
 .debug_line    0x00006c68      0x341 ../../STM32/avr/eeprom.o
 .debug_line    0x00006fa9      0x70d ../../STM32/Drivers/STM32F1xx_HAL_Driver/Src/stm32f1xx_hal.o
 .debug_line    0x000076b6      0x842 ../../STM32/Drivers/STM32F1xx_HAL_Driver/Src/stm32f1xx_hal_cortex.o
 .debug_line    0x00007ef8      0x78b ../../STM32/Drivers/STM32F1xx_HAL_Driver/Src/stm32f1xx_hal_gpio.o
 .debug_line    0x00008683      0xa8e ../../STM32/Drivers/STM32F1xx_HAL_Driver/Src/stm32f1xx_hal_pcd.o
 .debug_line    0x00009111      0x5c8 ../../STM32/Drivers/STM32F1xx_HAL_Driver/Src/stm32f1xx_hal_pcd_ex.o
 .debug_line    0x000096d9      0xe50 ../../STM32/Drivers/STM32F1xx_HAL_Driver/Src/stm32f1xx_hal_rcc.o
 .debug_line    0x0000a529      0x6eb ../../STM32/Drivers/STM32F1xx_HAL_Driver/Src/stm32f1xx_hal_rcc_ex.o
 .debug_line    0x0000ac14      0x5d3 ../../STM32/Drivers/STM32F1xx_HAL_Driver/Src/stm32f1xx_hal_spi_ex.o
 .debug_line    0x0000b1e7      0xbf5 ../../STM32/Drivers/STM32F1xx_HAL_Driver/Src/stm32f1xx_hal_uart.o
 .debug_line    0x0000bddc      0xa06 ../../STM32/Drivers/STM32F1xx_HAL_Driver/Src/stm32f1xx_ll_usb.o
 .debug_line    0x0000c7e2      0x5f8 ../../STM32/Drivers/CMSIS/Device/ST/STM32F1xx/Source/Templates/system_stm32f1xx.o
 .debug_line    0x0000cdda       0xb5 ../../STM32/Drivers/CMSIS/Device/ST/STM32F1xx/Source/Templates/gcc/startup_stm32f103xb.o
 .debug_line    0x0000ce8f      0x83e ../../STM32/Middlewares/ST/STM32_USB_Device_Library/Class/CDC/Src/usbd_cdc.o
 .debug_line    0x0000d6cd      0x84c ../../STM32/Middlewares/ST/STM32_USB_Device_Library/Core/Src/usbd_core.o
 .debug_line    0x0000df19      0x8a6 ../../STM32/Middlewares/ST/STM32_USB_Device_Library/Core/Src/usbd_ctlreq.o
 .debug_line    0x0000e7bf      0x6e7 ../../STM32/Middlewares/ST/STM32_USB_Device_Library/Core/Src/usbd_ioreq.o

.debug_str      0x00000000    0x8d4db
 .debug_str     0x00000000    0x8727c gpio.o
                              0x8761a (size before relaxing)
 .debug_str     0x0008727c     0x19f7 main.o
                              0x89063 (size before relaxing)
 .debug_str     0x00088c73       0x4e stm32f1xx_hal_msp.o
                              0x878a7 (size before relaxing)
 .debug_str     0x00088cc1      0x36b stm32f1xx_it.o
                              0x87915 (size before relaxing)
 .debug_str     0x0008902c       0x34 ../../clib/ringbuffer.o
                               0x3441 (size before relaxing)
 .debug_str     0x00089060       0x7f ../../clib/cdc.o
                              0x8873f (size before relaxing)
 .debug_str     0x000890df      0x9e9 ../../clib/clock.o
                              0x892cf (size before relaxing)
 .debug_str     0x00089ac8       0x44 ../../clib/ttydata.o
                               0x6132 (size before relaxing)
 .debug_str     0x00089b0c       0xe6 ../../clib/display.o
                              0x88d90 (size before relaxing)
 .debug_str     0x00089bf2      0xb65 ../../clib/fncollection.o
                               0x7351 (size before relaxing)
 .debug_str     0x0008a757       0x41 ../../clib/stringfunc.o
                               0x5e8c (size before relaxing)
 .debug_str     0x0008a798       0x5d ../../clib/fband.o
                               0x6e01 (size before relaxing)
 .debug_str     0x0008a7f5      0x388 ../../STM32/hal_usart.o
                              0x87a15 (size before relaxing)
 .debug_str     0x0008ab7d      0x1aa ../../STM32/hal_spi.o
                              0x87a06 (size before relaxing)
 .debug_str     0x0008ad27      0x37d ../../STM32/usb_device.o
                              0x8862f (size before relaxing)
 .debug_str     0x0008b0a4      0x132 ../../STM32/usbd_cdc_if.o
                              0x8873c (size before relaxing)
 .debug_str     0x0008b1d6      0x318 ../../STM32/usbd_conf.o
                              0x88ee1 (size before relaxing)
 .debug_str     0x0008b4ee      0x219 ../../STM32/usbd_desc.o
                              0x88270 (size before relaxing)
 .debug_str     0x0008b707       0x44 ../../STM32/avr/interrupt.o
                               0x3342 (size before relaxing)
 .debug_str     0x0008b74b       0xf5 ../../STM32/avr/eeprom.o
                               0x689e (size before relaxing)
 .debug_str     0x0008b840      0x2af ../../STM32/Drivers/STM32F1xx_HAL_Driver/Src/stm32f1xx_hal.o
                              0x87c1c (size before relaxing)
 .debug_str     0x0008baef      0x272 ../../STM32/Drivers/STM32F1xx_HAL_Driver/Src/stm32f1xx_hal_cortex.o
                              0x87c73 (size before relaxing)
 .debug_str     0x0008bd61      0x3dd ../../STM32/Drivers/STM32F1xx_HAL_Driver/Src/stm32f1xx_hal_gpio.o
                              0x87a58 (size before relaxing)
 .debug_str     0x0008c13e      0x26d ../../STM32/Drivers/STM32F1xx_HAL_Driver/Src/stm32f1xx_hal_pcd.o
                              0x87c97 (size before relaxing)
 .debug_str     0x0008c3ab       0x60 ../../STM32/Drivers/STM32F1xx_HAL_Driver/Src/stm32f1xx_hal_pcd_ex.o
                              0x87905 (size before relaxing)
 .debug_str     0x0008c40b      0x2ef ../../STM32/Drivers/STM32F1xx_HAL_Driver/Src/stm32f1xx_hal_rcc.o
                              0x87a92 (size before relaxing)
 .debug_str     0x0008c6fa       0xb8 ../../STM32/Drivers/STM32F1xx_HAL_Driver/Src/stm32f1xx_hal_rcc_ex.o
                              0x87775 (size before relaxing)
 .debug_str     0x0008c7b2       0x83 ../../STM32/Drivers/STM32F1xx_HAL_Driver/Src/stm32f1xx_hal_spi_ex.o
                              0x879a6 (size before relaxing)
 .debug_str     0x0008c835      0x386 ../../STM32/Drivers/STM32F1xx_HAL_Driver/Src/stm32f1xx_hal_uart.o
                              0x87cf1 (size before relaxing)
 .debug_str     0x0008cbbb      0x2d1 ../../STM32/Drivers/STM32F1xx_HAL_Driver/Src/stm32f1xx_ll_usb.o
                              0x87ad8 (size before relaxing)
 .debug_str     0x0008ce8c       0x99 ../../STM32/Drivers/CMSIS/Device/ST/STM32F1xx/Source/Templates/system_stm32f1xx.o
                              0x876b8 (size before relaxing)
 .debug_str     0x0008cf25      0x20a ../../STM32/Middlewares/ST/STM32_USB_Device_Library/Class/CDC/Src/usbd_cdc.o
                              0x88857 (size before relaxing)
 .debug_str     0x0008d12f      0x1ab ../../STM32/Middlewares/ST/STM32_USB_Device_Library/Core/Src/usbd_core.o
                              0x884bf (size before relaxing)
 .debug_str     0x0008d2da      0x12f ../../STM32/Middlewares/ST/STM32_USB_Device_Library/Core/Src/usbd_ctlreq.o
                              0x88445 (size before relaxing)
 .debug_str     0x0008d409       0xd2 ../../STM32/Middlewares/ST/STM32_USB_Device_Library/Core/Src/usbd_ioreq.o
                              0x883cd (size before relaxing)

.comment        0x00000000       0x6e
 .comment       0x00000000       0x6e gpio.o
                                 0x6f (size before relaxing)
 .comment       0x0000006e       0x6f main.o
 .comment       0x0000006e       0x6f stm32f1xx_hal_msp.o
 .comment       0x0000006e       0x6f stm32f1xx_it.o
 .comment       0x0000006e       0x6f ../../clib/ringbuffer.o
 .comment       0x0000006e       0x6f ../../clib/cdc.o
 .comment       0x0000006e       0x6f ../../clib/clock.o
 .comment       0x0000006e       0x6f ../../clib/ttydata.o
 .comment       0x0000006e       0x6f ../../clib/display.o
 .comment       0x0000006e       0x6f ../../clib/fncollection.o
 .comment       0x0000006e       0x6f ../../clib/stringfunc.o
 .comment       0x0000006e       0x6f ../../clib/fband.o
 .comment       0x0000006e       0x6f ../../STM32/hal_usart.o
 .comment       0x0000006e       0x6f ../../STM32/hal_spi.o
 .comment       0x0000006e       0x6f ../../STM32/usb_device.o
 .comment       0x0000006e       0x6f ../../STM32/usbd_cdc_if.o
 .comment       0x0000006e       0x6f ../../STM32/usbd_conf.o
 .comment       0x0000006e       0x6f ../../STM32/usbd_desc.o
 .comment       0x0000006e       0x6f ../../STM32/avr/interrupt.o
 .comment       0x0000006e       0x6f ../../STM32/avr/eeprom.o
 .comment       0x0000006e       0x6f ../../STM32/Drivers/STM32F1xx_HAL_Driver/Src/stm32f1xx_hal.o
 .comment       0x0000006e       0x6f ../../STM32/Drivers/STM32F1xx_HAL_Driver/Src/stm32f1xx_hal_cortex.o
 .comment       0x0000006e       0x6f ../../STM32/Drivers/STM32F1xx_HAL_Driver/Src/stm32f1xx_hal_gpio.o
 .comment       0x0000006e       0x6f ../../STM32/Drivers/STM32F1xx_HAL_Driver/Src/stm32f1xx_hal_pcd.o
 .comment       0x0000006e       0x6f ../../STM32/Drivers/STM32F1xx_HAL_Driver/Src/stm32f1xx_hal_pcd_ex.o
 .comment       0x0000006e       0x6f ../../STM32/Drivers/STM32F1xx_HAL_Driver/Src/stm32f1xx_hal_rcc.o
 .comment       0x0000006e       0x6f ../../STM32/Drivers/STM32F1xx_HAL_Driver/Src/stm32f1xx_hal_rcc_ex.o
 .comment       0x0000006e       0x6f ../../STM32/Drivers/STM32F1xx_HAL_Driver/Src/stm32f1xx_hal_spi_ex.o
 .comment       0x0000006e       0x6f ../../STM32/Drivers/STM32F1xx_HAL_Driver/Src/stm32f1xx_hal_uart.o
 .comment       0x0000006e       0x6f ../../STM32/Drivers/STM32F1xx_HAL_Driver/Src/stm32f1xx_ll_usb.o
 .comment       0x0000006e       0x6f ../../STM32/Drivers/CMSIS/Device/ST/STM32F1xx/Source/Templates/system_stm32f1xx.o
 .comment       0x0000006e       0x6f ../../STM32/Middlewares/ST/STM32_USB_Device_Library/Class/CDC/Src/usbd_cdc.o
 .comment       0x0000006e       0x6f ../../STM32/Middlewares/ST/STM32_USB_Device_Library/Core/Src/usbd_core.o
 .comment       0x0000006e       0x6f ../../STM32/Middlewares/ST/STM32_USB_Device_Library/Core/Src/usbd_ctlreq.o
 .comment       0x0000006e       0x6f ../../STM32/Middlewares/ST/STM32_USB_Device_Library/Core/Src/usbd_ioreq.o

.debug_frame    0x00000000     0x3580
 .debug_frame   0x00000000       0x34 gpio.o
 .debug_frame   0x00000034       0x90 main.o
 .debug_frame   0x000000c4       0x34 stm32f1xx_hal_msp.o
 .debug_frame   0x000000f8      0x128 stm32f1xx_it.o
 .debug_frame   0x00000220       0x80 ../../clib/ringbuffer.o
 .debug_frame   0x000002a0       0x58 ../../clib/cdc.o
 .debug_frame   0x000002f8       0x98 ../../clib/clock.o
 .debug_frame   0x00000390       0x58 ../../clib/ttydata.o
 .debug_frame   0x000003e8      0x104 ../../clib/display.o
 .debug_frame   0x000004ec      0x1b8 ../../clib/fncollection.o
 .debug_frame   0x000006a4       0xb0 ../../clib/stringfunc.o
 .debug_frame   0x00000754       0x58 ../../clib/fband.o
 .debug_frame   0x000007ac       0xac ../../STM32/hal_usart.o
 .debug_frame   0x00000858       0x74 ../../STM32/hal_spi.o
 .debug_frame   0x000008cc       0x2c ../../STM32/usb_device.o
 .debug_frame   0x000008f8       0xe0 ../../STM32/usbd_cdc_if.o
 .debug_frame   0x000009d8      0x47c ../../STM32/usbd_conf.o
 .debug_frame   0x00000e54      0x114 ../../STM32/usbd_desc.o
 .debug_frame   0x00000f68       0x78 ../../STM32/avr/interrupt.o
 .debug_frame   0x00000fe0      0x108 ../../STM32/avr/eeprom.o
 .debug_frame   0x000010e8      0x278 ../../STM32/Drivers/STM32F1xx_HAL_Driver/Src/stm32f1xx_hal.o
 .debug_frame   0x00001360      0x428 ../../STM32/Drivers/STM32F1xx_HAL_Driver/Src/stm32f1xx_hal_cortex.o
 .debug_frame   0x00001788      0x14c ../../STM32/Drivers/STM32F1xx_HAL_Driver/Src/stm32f1xx_hal_gpio.o
 .debug_frame   0x000018d4      0x4fc ../../STM32/Drivers/STM32F1xx_HAL_Driver/Src/stm32f1xx_hal_pcd.o
 .debug_frame   0x00001dd0       0x60 ../../STM32/Drivers/STM32F1xx_HAL_Driver/Src/stm32f1xx_hal_pcd_ex.o
 .debug_frame   0x00001e30      0x21c ../../STM32/Drivers/STM32F1xx_HAL_Driver/Src/stm32f1xx_hal_rcc.o
 .debug_frame   0x0000204c       0x84 ../../STM32/Drivers/STM32F1xx_HAL_Driver/Src/stm32f1xx_hal_rcc_ex.o
 .debug_frame   0x000020d0       0x5c ../../STM32/Drivers/STM32F1xx_HAL_Driver/Src/stm32f1xx_hal_spi_ex.o
 .debug_frame   0x0000212c      0x5e0 ../../STM32/Drivers/STM32F1xx_HAL_Driver/Src/stm32f1xx_hal_uart.o
 .debug_frame   0x0000270c      0x4b0 ../../STM32/Drivers/STM32F1xx_HAL_Driver/Src/stm32f1xx_ll_usb.o
 .debug_frame   0x00002bbc       0x58 ../../STM32/Drivers/CMSIS/Device/ST/STM32F1xx/Source/Templates/system_stm32f1xx.o
 .debug_frame   0x00002c14      0x24c ../../STM32/Middlewares/ST/STM32_USB_Device_Library/Class/CDC/Src/usbd_cdc.o
 .debug_frame   0x00002e60      0x300 ../../STM32/Middlewares/ST/STM32_USB_Device_Library/Core/Src/usbd_core.o
 .debug_frame   0x00003160      0x210 ../../STM32/Middlewares/ST/STM32_USB_Device_Library/Core/Src/usbd_ctlreq.o
 .debug_frame   0x00003370      0x10c ../../STM32/Middlewares/ST/STM32_USB_Device_Library/Core/Src/usbd_ioreq.o
 .debug_frame   0x0000347c       0x2c f:/tools/gnu_tools_arm_embedded/5.4/bin/../lib/gcc/arm-none-eabi/5.4.1/../../../../arm-none-eabi/lib/armv7-m\libc.a(lib_a-init.o)
 .debug_frame   0x000034a8       0x50 f:/tools/gnu_tools_arm_embedded/5.4/bin/../lib/gcc/arm-none-eabi/5.4.1/../../../../arm-none-eabi/lib/armv7-m\libc.a(lib_a-__call_atexit.o)
 .debug_frame   0x000034f8       0x20 f:/tools/gnu_tools_arm_embedded/5.4/bin/../lib/gcc/arm-none-eabi/5.4.1/../../../../arm-none-eabi/lib/armv7-m\libc.a(lib_a-atexit.o)
 .debug_frame   0x00003518       0x34 f:/tools/gnu_tools_arm_embedded/5.4/bin/../lib/gcc/arm-none-eabi/5.4.1/../../../../arm-none-eabi/lib/armv7-m\libc.a(lib_a-fini.o)
 .debug_frame   0x0000354c       0x34 f:/tools/gnu_tools_arm_embedded/5.4/bin/../lib/gcc/arm-none-eabi/5.4.1/../../../../arm-none-eabi/lib/armv7-m\libc.a(lib_a-__atexit.o)
